Component: ARM Compiler 5.06 update 6 (build 750) Tool: armlink [4d35ed]

==============================================================================

Section Cross References

    startup_stm32f407xx.o(RESET) refers to startup_stm32f407xx.o(STACK) for __initial_sp
    startup_stm32f407xx.o(RESET) refers to startup_stm32f407xx.o(.text) for Reset_Handler
    startup_stm32f407xx.o(RESET) refers to stm32f4xx_it.o(i.NMI_Handler) for NMI_Handler
    startup_stm32f407xx.o(RESET) refers to stm32f4xx_it.o(i.HardFault_Handler) for HardFault_Handler
    startup_stm32f407xx.o(RESET) refers to stm32f4xx_it.o(i.MemManage_Handler) for MemManage_Handler
    startup_stm32f407xx.o(RESET) refers to stm32f4xx_it.o(i.BusFault_Handler) for BusFault_Handler
    startup_stm32f407xx.o(RESET) refers to stm32f4xx_it.o(i.UsageFault_Handler) for UsageFault_Handler
    startup_stm32f407xx.o(RESET) refers to stm32f4xx_it.o(i.SVC_Handler) for SVC_Handler
    startup_stm32f407xx.o(RESET) refers to stm32f4xx_it.o(i.DebugMon_Handler) for DebugMon_Handler
    startup_stm32f407xx.o(RESET) refers to stm32f4xx_it.o(i.PendSV_Handler) for PendSV_Handler
    startup_stm32f407xx.o(RESET) refers to stm32f4xx_it.o(i.SysTick_Handler) for SysTick_Handler
    startup_stm32f407xx.o(RESET) refers to stm32f4xx_it.o(i.ADC_IRQHandler) for ADC_IRQHandler
    startup_stm32f407xx.o(RESET) refers to stm32f4xx_it.o(i.CAN1_TX_IRQHandler) for CAN1_TX_IRQHandler
    startup_stm32f407xx.o(RESET) refers to stm32f4xx_it.o(i.CAN1_RX0_IRQHandler) for CAN1_RX0_IRQHandler
    startup_stm32f407xx.o(RESET) refers to stm32f4xx_it.o(i.DMA2_Stream0_IRQHandler) for DMA2_Stream0_IRQHandler
    startup_stm32f407xx.o(RESET) refers to stm32f4xx_it.o(i.DMA2_Stream2_IRQHandler) for DMA2_Stream2_IRQHandler
    startup_stm32f407xx.o(.text) refers to system_stm32f4xx.o(i.SystemInit) for SystemInit
    startup_stm32f407xx.o(.text) refers to entry.o(.ARM.Collect$$$$00000000) for __main
    main.o(i.SystemClock_Config) refers to memseta.o(.text) for __aeabi_memclr4
    main.o(i.SystemClock_Config) refers to stm32f4xx_hal_rcc.o(i.HAL_RCC_OscConfig) for HAL_RCC_OscConfig
    main.o(i.SystemClock_Config) refers to stm32f4xx_hal_rcc.o(i.HAL_RCC_ClockConfig) for HAL_RCC_ClockConfig
    main.o(i.fputc) refers to stm32f4xx_hal_uart.o(i.HAL_UART_Transmit) for HAL_UART_Transmit
    main.o(i.fputc) refers to usart.o(.bss) for huart1
    main.o(i.main) refers to stm32f4xx_hal.o(i.HAL_Init) for HAL_Init
    main.o(i.main) refers to main.o(i.SystemClock_Config) for SystemClock_Config
    main.o(i.main) refers to gpio.o(i.MX_GPIO_Init) for MX_GPIO_Init
    main.o(i.main) refers to dma.o(i.MX_DMA_Init) for MX_DMA_Init
    main.o(i.main) refers to adc.o(i.MX_ADC1_Init) for MX_ADC1_Init
    main.o(i.main) refers to adc.o(i.MX_ADC2_Init) for MX_ADC2_Init
    main.o(i.main) refers to i2c.o(i.MX_I2C1_Init) for MX_I2C1_Init
    main.o(i.main) refers to tim.o(i.MX_TIM1_Init) for MX_TIM1_Init
    main.o(i.main) refers to tim.o(i.MX_TIM2_Init) for MX_TIM2_Init
    main.o(i.main) refers to usart.o(i.MX_USART1_UART_Init) for MX_USART1_UART_Init
    main.o(i.main) refers to usart.o(i.MX_USART2_UART_Init) for MX_USART2_UART_Init
    main.o(i.main) refers to usart.o(i.MX_USART3_UART_Init) for MX_USART3_UART_Init
    main.o(i.main) refers to can.o(i.MX_CAN1_Init) for MX_CAN1_Init
    main.o(i.main) refers to stm32f4xx_hal_gpio.o(i.HAL_GPIO_WritePin) for HAL_GPIO_WritePin
    main.o(i.main) refers to stm32f4xx_hal_tim.o(i.HAL_TIM_Base_Start) for HAL_TIM_Base_Start
    main.o(i.main) refers to buzzer.o(i.Buzzer_Init) for Buzzer_Init
    main.o(i.main) refers to rgbled.o(i.RGB_LED_Init) for RGB_LED_Init
    main.o(i.main) refers to can_receive.o(i.CAN1_Init) for CAN1_Init
    main.o(i.main) refers to buzzer.o(i.Buzzer_BeforeWork_Check) for Buzzer_BeforeWork_Check
    main.o(i.main) refers to rgbled.o(i.RGB_LED_BeforeWork_Check) for RGB_LED_BeforeWork_Check
    main.o(i.main) refers to stm32f4xx_hal_adc.o(i.HAL_ADC_Start) for HAL_ADC_Start
    main.o(i.main) refers to stm32f4xx_hal.o(i.HAL_Delay) for HAL_Delay
    main.o(i.main) refers to adcread.o(i.ELEC_INFO_INIT) for ELEC_INFO_INIT
    main.o(i.main) refers to adcread.o(i.ELEC_INFO_ADC_Read_Init) for ELEC_INFO_ADC_Read_Init
    main.o(i.main) refers to adcread.o(i.ELEC_INFO_ADC_Read) for ELEC_INFO_ADC_Read
    main.o(i.main) refers to adcread.o(i.ADCDATA_To_RealDATA) for ADCDATA_To_RealDATA
    main.o(i.main) refers to buckboostcontrol.o(i.BuckBoostInit) for BuckBoostInit
    main.o(i.main) refers to stm32f4xx_hal_adc.o(i.HAL_ADC_Stop_DMA) for HAL_ADC_Stop_DMA
    main.o(i.main) refers to cdrcmple.o(.text) for __aeabi_cdrcmple
    main.o(i.main) refers to buckboostcontrol.o(i.BuckBoost_FIFO_Feedback) for BuckBoost_FIFO_Feedback
    main.o(i.main) refers to buckboostcontrol.o(i.BuckBoost_Set_Control) for BuckBoost_Set_Control
    main.o(i.main) refers to buckboostcontrol.o(i.BuckBoost_PID_Calculate) for BuckBoost_PID_Calculate
[...]
    ../Drivers/STM32F4xx_HAL_Driver/Src/stm32f4xx_hal_i2c.c 0x00000000   Number         0  stm32f4xx_hal_i2c.o ABSOLUTE
    ../Drivers/STM32F4xx_HAL_Driver/Src/stm32f4xx_hal_i2c_ex.c 0x00000000   Number         0  stm32f4xx_hal_i2c_ex.o ABSOLUTE
    ../Drivers/STM32F4xx_HAL_Driver/Src/stm32f4xx_hal_pwr.c 0x00000000   Number         0  stm32f4xx_hal_pwr.o ABSOLUTE
    ../Drivers/STM32F4xx_HAL_Driver/Src/stm32f4xx_hal_pwr_ex.c 0x00000000   Number         0  stm32f4xx_hal_pwr_ex.o ABSOLUTE
    ../Drivers/STM32F4xx_HAL_Driver/Src/stm32f4xx_hal_rcc.c 0x00000000   Number         0  stm32f4xx_hal_rcc.o ABSOLUTE
    ../Drivers/STM32F4xx_HAL_Driver/Src/stm32f4xx_hal_rcc_ex.c 0x00000000   Number         0  stm32f4xx_hal_rcc_ex.o ABSOLUTE
    ../Drivers/STM32F4xx_HAL_Driver/Src/stm32f4xx_hal_tim.c 0x00000000   Number         0  stm32f4xx_hal_tim.o ABSOLUTE
    ../Drivers/STM32F4xx_HAL_Driver/Src/stm32f4xx_hal_tim_ex.c 0x00000000   Number         0  stm32f4xx_hal_tim_ex.o ABSOLUTE
    ../Drivers/STM32F4xx_HAL_Driver/Src/stm32f4xx_hal_uart.c 0x00000000   Number         0  stm32f4xx_hal_uart.o ABSOLUTE
    ../clib/microlib/division.c              0x00000000   Number         0  uldiv.o ABSOLUTE
    ../clib/microlib/init/entry.s            0x00000000   Number         0  entry9b.o ABSOLUTE
    ../clib/microlib/init/entry.s            0x00000000   Number         0  entry9a.o ABSOLUTE
    ../clib/microlib/init/entry.s            0x00000000   Number         0  entry8b.o ABSOLUTE
    ../clib/microlib/init/entry.s            0x00000000   Number         0  entry7b.o ABSOLUTE
    ../clib/microlib/init/entry.s            0x00000000   Number         0  entry5.o ABSOLUTE
    ../clib/microlib/init/entry.s            0x00000000   Number         0  entry2.o ABSOLUTE
    ../clib/microlib/init/entry.s            0x00000000   Number         0  entry8a.o ABSOLUTE
    ../clib/microlib/init/entry.s            0x00000000   Number         0  entry.o ABSOLUTE
    ../clib/microlib/init/entry.s            0x00000000   Number         0  entry7a.o ABSOLUTE
    ../clib/microlib/init/entry.s            0x00000000   Number         0  entry11b.o ABSOLUTE
    ../clib/microlib/init/entry.s            0x00000000   Number         0  entry11a.o ABSOLUTE
    ../clib/microlib/init/entry.s            0x00000000   Number         0  entry10b.o ABSOLUTE
    ../clib/microlib/init/entry.s            0x00000000   Number         0  entry10a.o ABSOLUTE
    ../clib/microlib/longlong.c              0x00000000   Number         0  llsshr.o ABSOLUTE
    ../clib/microlib/longlong.c              0x00000000   Number         0  llushr.o ABSOLUTE
    ../clib/microlib/longlong.c              0x00000000   Number         0  llshl.o ABSOLUTE
    ../clib/microlib/string/memset.c         0x00000000   Number         0  memseta.o ABSOLUTE
    ../clib/microlib/stubs.s                 0x00000000   Number         0  iusefp.o ABSOLUTE
    ../fplib/microlib/d2f.c                  0x00000000   Number         0  d2f.o ABSOLUTE
    ../fplib/microlib/f2d.c                  0x00000000   Number         0  f2d.o ABSOLUTE
    ../fplib/microlib/fpadd.c                0x00000000   Number         0  dadd.o ABSOLUTE
    ../fplib/microlib/fpdiv.c                0x00000000   Number         0  ddiv.o ABSOLUTE
    ../fplib/microlib/fpepilogue.c           0x00000000   Number         0  depilogue.o ABSOLUTE
    ../fplib/microlib/fpepilogue.c           0x00000000   Number         0  fepilogue.o ABSOLUTE
    ../fplib/microlib/fpfix.c                0x00000000   Number         0  dfixui.o ABSOLUTE
    ../fplib/microlib/fpmul.c                0x00000000   Number         0  dmul.o ABSOLUTE
    ..\APP\BuckboostControl\BuckboostControl.c 0x00000000   Number         0  buckboostcontrol.o ABSOLUTE
    ..\Algorithm\PID\pid.c                   0x00000000   Number         0  pid.o ABSOLUTE
    ..\Algorithm\filter\filter.c             0x00000000   Number         0  filter.o ABSOLUTE
    ..\Core\Src\adc.c                        0x00000000   Number         0  adc.o ABSOLUTE
    ..\Core\Src\can.c                        0x00000000   Number         0  can.o ABSOLUTE
    ..\Core\Src\dma.c                        0x00000000   Number         0  dma.o ABSOLUTE
    ..\Core\Src\gpio.c                       0x00000000   Number         0  gpio.o ABSOLUTE
    ..\Core\Src\i2c.c                        0x00000000   Number         0  i2c.o ABSOLUTE
    ..\Core\Src\main.c                       0x00000000   Number         0  main.o ABSOLUTE
    ..\Core\Src\stm32f4xx_hal_msp.c          0x00000000   Number         0  stm32f4xx_hal_msp.o ABSOLUTE
    ..\Core\Src\stm32f4xx_it.c               0x00000000   Number         0  stm32f4xx_it.o ABSOLUTE
    ..\Core\Src\system_stm32f4xx.c           0x00000000   Number         0  system_stm32f4xx.o ABSOLUTE
    ..\Core\Src\tim.c                        0x00000000   Number         0  tim.o ABSOLUTE
    ..\Core\Src\usart.c                      0x00000000   Number         0  usart.o ABSOLUTE
    ..\Drivers\STM32F4xx_HAL_Driver\Src\stm32f4xx_hal.c 0x00000000   Number         0  stm32f4xx_hal.o ABSOLUTE
    ..\Drivers\STM32F4xx_HAL_Driver\Src\stm32f4xx_hal_adc.c 0x00000000   Number         0  stm32f4xx_hal_adc.o ABSOLUTE
    ..\Drivers\STM32F4xx_HAL_Driver\Src\stm32f4xx_hal_adc_ex.c 0x00000000   Number         0  stm32f4xx_hal_adc_ex.o ABSOLUTE
    ..\Drivers\STM32F4xx_HAL_Driver\Src\stm32f4xx_hal_can.c 0x00000000   Number         0  stm32f4xx_hal_can.o ABSOLUTE
    ..\Drivers\STM32F4xx_HAL_Driver\Src\stm32f4xx_hal_cortex.c 0x00000000   Number         0  stm32f4xx_hal_cortex.o ABSOLUTE
    ..\Drivers\STM32F4xx_HAL_Driver\Src\stm32f4xx_hal_dma.c 0x00000000   Number         0  stm32f4xx_hal_dma.o ABSOLUTE
    ..\Drivers\STM32F4xx_HAL_Driver\Src\stm32f4xx_hal_dma_ex.c 0x00000000   Number         0  stm32f4xx_hal_dma_ex.o ABSOLUTE
    ..\Drivers\STM32F4xx_HAL_Driver\Src\stm32f4xx_hal_exti.c 0x00000000   Number         0  stm32f4xx_hal_exti.o ABSOLUTE
    ..\Drivers\STM32F4xx_HAL_Driver\Src\stm32f4xx_hal_flash.c 0x00000000   Number         0  stm32f4xx_hal_flash.o ABSOLUTE
    ..\Drivers\STM32F4xx_HAL_Driver\Src\stm32f4xx_hal_flash_ex.c 0x00000000   Number         0  stm32f4xx_hal_flash_ex.o ABSOLUTE
    ..\Drivers\STM32F4xx_HAL_Driver\Src\stm32f4xx_hal_flash_ramfunc.c 0x00000000   Number         0  stm32f4xx_hal_flash_ramfunc.o ABSOLUTE
    ..\Drivers\STM32F4xx_HAL_Driver\Src\stm32f4xx_hal_gpio.c 0x00000000   Number         0  stm32f4xx_hal_gpio.o ABSOLUTE
    ..\Drivers\STM32F4xx_HAL_Driver\Src\stm32f4xx_hal_i2c.c 0x00000000   Number         0  stm32f4xx_hal_i2c.o ABSOLUTE
    ..\Drivers\STM32F4xx_HAL_Driver\Src\stm32f4xx_hal_i2c_ex.c 0x00000000   Number         0  stm32f4xx_hal_i2c_ex.o ABSOLUTE
    ..\Drivers\STM32F4xx_HAL_Driver\Src\stm32f4xx_hal_pwr.c 0x00000000   Number         0  stm32f4xx_hal_pwr.o ABSOLUTE
    ..\Drivers\STM32F4xx_HAL_Driver\Src\stm32f4xx_hal_pwr_ex.c 0x00000000   Number         0  stm32f4xx_hal_pwr_ex.o ABSOLUTE
    ..\Drivers\STM32F4xx_HAL_Driver\Src\stm32f4xx_hal_rcc.c 0x00000000   Number         0  stm32f4xx_hal_rcc.o ABSOLUTE
    ..\Drivers\STM32F4xx_HAL_Driver\Src\stm32f4xx_hal_rcc_ex.c 0x00000000   Number         0  stm32f4xx_hal_rcc_ex.o ABSOLUTE
    ..\Drivers\STM32F4xx_HAL_Driver\Src\stm32f4xx_hal_tim.c 0x00000000   Number         0  stm32f4xx_hal_tim.o ABSOLUTE
    ..\Drivers\STM32F4xx_HAL_Driver\Src\stm32f4xx_hal_tim_ex.c 0x00000000   Number         0  stm32f4xx_hal_tim_ex.o ABSOLUTE
    ..\Drivers\STM32F4xx_HAL_Driver\Src\stm32f4xx_hal_uart.c 0x00000000   Number         0  stm32f4xx_hal_uart.o ABSOLUTE
    ..\UserDrivers\ADCRead\ADCRead.c         0x00000000   Number         0  adcread.o ABSOLUTE
    ..\UserDrivers\Buzzer\buzzer.c           0x00000000   Number         0  buzzer.o ABSOLUTE
    ..\UserDrivers\Can_receive\can_receive.c 0x00000000   Number         0  can_receive.o ABSOLUTE
    ..\UserDrivers\RGBLED\RGBLED.c           0x00000000   Number         0  rgbled.o ABSOLUTE
    ..\\APP\\BuckboostControl\\BuckboostControl.c 0x00000000   Number         0  buckboostcontrol.o ABSOLUTE
    ..\\Algorithm\\PID\\pid.c                0x00000000   Number         0  pid.o ABSOLUTE
    ..\\Algorithm\\filter\\filter.c          0x00000000   Number         0  filter.o ABSOLUTE
    ..\\UserDrivers\\ADCRead\\ADCRead.c      0x00000000   Number         0  adcread.o ABSOLUTE
    ..\\UserDrivers\\Buzzer\\buzzer.c        0x00000000   Number         0  buzzer.o ABSOLUTE
    ..\\UserDrivers\\Can_receive\\can_receive.c 0x00000000   Number         0  can_receive.o ABSOLUTE
    ..\\UserDrivers\\RGBLED\\RGBLED.c        0x00000000   Number         0  rgbled.o ABSOLUTE
    cdcmple.s                                0x00000000   Number         0  cdcmple.o ABSOLUTE
    cdrcmple.s                               0x00000000   Number         0  cdrcmple.o ABSOLUTE
    dc.s                                     0x00000000   Number         0  dc.o ABSOLUTE
    handlers.s                               0x00000000   Number         0  handlers.o ABSOLUTE
    init.s                                   0x00000000   Number         0  init.o ABSOLUTE
    startup_stm32f407xx.s                    0x00000000   Number         0  startup_stm32f407xx.o ABSOLUTE
    RESET                                    0x08000000   Section      392  startup_stm32f407xx.o(RESET)
    .ARM.Collect$$$$00000000                 0x08000188   Section        0  entry.o(.ARM.Collect$$$$00000000)
    .ARM.Collect$$$$00000001                 0x08000188   Section        4  entry2.o(.ARM.Collect$$$$00000001)
    .ARM.Collect$$$$00000004                 0x0800018c   Section        4  entry5.o(.ARM.Collect$$$$00000004)
    .ARM.Collect$$$$00000008                 0x08000190   Section        0  entry7b.o(.ARM.Collect$$$$00000008)
    .ARM.Collect$$$$0000000A                 0x08000190   Section        0  entry8b.o(.ARM.Collect$$$$0000000A)
    .ARM.Collect$$$$0000000B                 0x08000190   Section        8  entry9a.o(.ARM.Collect$$$$0000000B)
    .ARM.Collect$$$$0000000D                 0x08000198   Section        0  entry10a.o(.ARM.Collect$$$$0000000D)
    .ARM.Collect$$$$0000000F                 0x08000198   Section        0  entry11a.o(.ARM.Collect$$$$0000000F)
    .ARM.Collect$$$$00002712                 0x08000198   Section        4  entry2.o(.ARM.Collect$$$$00002712)
    __lit__00000000                          0x08000198   Data           4  entry2.o(.ARM.Collect$$$$00002712)
    .text                                    0x0800019c   Section       36  startup_stm32f407xx.o(.text)
    $v0                                      0x0800019c   Number         0  startup_stm32f407xx.o(.text)
    .text                                    0x080001c0   Section        0  uldiv.o(.text)
    .text                                    0x08000222   Section        0  memseta.o(.text)
    .text                                    0x08000246   Section        0  dadd.o(.text)
    .text                                    0x08000394   Section        0  dmul.o(.text)
    .text                                    0x08000478   Section        0  ddiv.o(.text)
    .text                                    0x08000556   Section        0  dfixui.o(.text)
    .text                                    0x08000588   Section        0  f2d.o(.text)
    .text                                    0x080005b0   Section       48  cdcmple.o(.text)
    .text                                    0x080005e0   Section       48  cdrcmple.o(.text)
    .text                                    0x08000610   Section        0  d2f.o(.text)
    .text                                    0x08000648   Section        0  llshl.o(.text)
    .text                                    0x08000666   Section        0  llushr.o(.text)
    .text                                    0x08000686   Section        0  llsshr.o(.text)
    .text                                    0x080006aa   Section        0  fepilogue.o(.text)
    .text                                    0x080006aa   Section        0  iusefp.o(.text)
    .text                                    0x08000718   Section        0  depilogue.o(.text)
    .text                                    0x080007d4   Section       36  init.o(.text)
    i.ADCDATA_To_RealDATA                    0x080007f8   Section        0  adcread.o(i.ADCDATA_To_RealDATA)
    i.ADC_DMAConvCplt                        0x080008dc   Section        0  stm32f4xx_hal_adc.o(i.ADC_DMAConvCplt)
    ADC_DMAConvCplt                          0x080008dd   Thumb Code   110  stm32f4xx_hal_adc.o(i.ADC_DMAConvCplt)
    i.ADC_DMAError                           0x0800094a   Section        0  stm32f4xx_hal_adc.o(i.ADC_DMAError)
    ADC_DMAError                             0x0800094b   Thumb Code    22  stm32f4xx_hal_adc.o(i.ADC_DMAError)
    i.ADC_DMAHalfConvCplt                    0x08000960   Section        0  stm32f4xx_hal_adc.o(i.ADC_DMAHalfConvCplt)
    ADC_DMAHalfConvCplt                      0x08000961   Thumb Code    10  stm32f4xx_hal_adc.o(i.ADC_DMAHalfConvCplt)
    i.ADC_IRQHandler                         0x0800096c   Section        0  stm32f4xx_it.o(i.ADC_IRQHandler)
    i.ADC_Init                               0x08000988   Section        0  stm32f4xx_hal_adc.o(i.ADC_Init)
    ADC_Init                                 0x08000989   Thumb Code   284  stm32f4xx_hal_adc.o(i.ADC_Init)
    i.BuckBoostInit                          0x08000ab0   Section        0  buckboostcontrol.o(i.BuckBoostInit)
    i.BuckBoost_FIFO_Feedback                0x08000be0   Section        0  buckboostcontrol.o(i.BuckBoost_FIFO_Feedback)
    i.BuckBoost_OUT                          0x08000d90   Section        0  buckboostcontrol.o(i.BuckBoost_OUT)
    i.BuckBoost_OUTControl                   0x08000dd4   Section        0  buckboostcontrol.o(i.BuckBoost_OUTControl)
    i.BuckBoost_PID_Calculate                0x0800108c   Section        0  buckboostcontrol.o(i.BuckBoost_PID_Calculate)
    i.BuckBoost_Set_Control                  0x080011bc   Section        0  buckboostcontrol.o(i.BuckBoost_Set_Control)
    i.BusFault_Handler                       0x0800129c   Section        0  stm32f4xx_it.o(i.BusFault_Handler)
    i.Buzzer_BeforeWork_Check                0x080012a0   Section        0  buzzer.o(i.Buzzer_BeforeWork_Check)
    i.Buzzer_Init                            0x080012c8   Section        0  buzzer.o(i.Buzzer_Init)
    i.CAN1_Getdata                           0x080012e0   Section        0  can_receive.o(i.CAN1_Getdata)
    i.CAN1_Init                              0x080012f8   Section        0  can_receive.o(i.CAN1_Init)
    i.CAN1_RX0_IRQHandler                    0x08001334   Section        0  stm32f4xx_it.o(i.CAN1_RX0_IRQHandler)
    i.CAN1_TX_IRQHandler                     0x08001360   Section        0  stm32f4xx_it.o(i.CAN1_TX_IRQHandler)
    i.DMA2_Stream0_IRQHandler                0x0800136c   Section        0  stm32f4xx_it.o(i.DMA2_Stream0_IRQHandler)
    i.DMA2_Stream2_IRQHandler                0x08001378   Section        0  stm32f4xx_it.o(i.DMA2_Stream2_IRQHandler)
    i.DMA_CalcBaseAndBitshift                0x08001384   Section        0  stm32f4xx_hal_dma.o(i.DMA_CalcBaseAndBitshift)
    DMA_CalcBaseAndBitshift                  0x08001385   Thumb Code    34  stm32f4xx_hal_dma.o(i.DMA_CalcBaseAndBitshift)
    i.DMA_CheckFifoParam                     0x080013ac   Section        0  stm32f4xx_hal_dma.o(i.DMA_CheckFifoParam)
    DMA_CheckFifoParam                       0x080013ad   Thumb Code    84  stm32f4xx_hal_dma.o(i.DMA_CheckFifoParam)
    i.DMA_SetConfig                          0x08001400   Section        0  stm32f4xx_hal_dma.o(i.DMA_SetConfig)
    DMA_SetConfig                            0x08001401   Thumb Code    40  stm32f4xx_hal_dma.o(i.DMA_SetConfig)
    i.DebugMon_Handler                       0x08001428   Section        0  stm32f4xx_it.o(i.DebugMon_Handler)
    i.ELEC_INFO_ADC_Read                     0x0800142c   Section        0  adcread.o(i.ELEC_INFO_ADC_Read)
    i.ELEC_INFO_ADC_Read_Init                0x0800150c   Section        0  adcread.o(i.ELEC_INFO_ADC_Read_Init)
    i.ELEC_INFO_INIT                         0x08001544   Section        0  adcread.o(i.ELEC_INFO_INIT)
    i.Error_Handler                          0x08001660   Section        0  main.o(i.Error_Handler)
    i.HAL_ADCEx_InjectedConvCpltCallback     0x08001664   Section        0  stm32f4xx_hal_adc_ex.o(i.HAL_ADCEx_InjectedConvCpltCallback)
    i.HAL_ADC_ConfigChannel                  0x08001668   Section        0  stm32f4xx_hal_adc.o(i.HAL_ADC_ConfigChannel)
    i.HAL_ADC_ConvCpltCallback               0x080017b4   Section        0  stm32f4xx_hal_adc.o(i.HAL_ADC_ConvCpltCallback)
    i.HAL_ADC_ConvHalfCpltCallback           0x080017b6   Section        0  stm32f4xx_hal_adc.o(i.HAL_ADC_ConvHalfCpltCallback)
    i.HAL_ADC_ErrorCallback                  0x080017b8   Section        0  stm32f4xx_hal_adc.o(i.HAL_ADC_ErrorCallback)
    i.HAL_ADC_IRQHandler                     0x080017ba   Section        0  stm32f4xx_hal_adc.o(i.HAL_ADC_IRQHandler)
    i.HAL_ADC_Init                           0x080018f6   Section        0  stm32f4xx_hal_adc.o(i.HAL_ADC_Init)
    i.HAL_ADC_LevelOutOfWindowCallback       0x0800194a   Section        0  stm32f4xx_hal_adc.o(i.HAL_ADC_LevelOutOfWindowCallback)
    i.HAL_ADC_MspInit                        0x0800194c   Section        0  adc.o(i.HAL_ADC_MspInit)
    i.HAL_ADC_Start                          0x08001a60   Section        0  stm32f4xx_hal_adc.o(i.HAL_ADC_Start)
    i.HAL_ADC_Start_DMA                      0x08001b4c   Section        0  stm32f4xx_hal_adc.o(i.HAL_ADC_Start_DMA)
    i.HAL_ADC_Stop_DMA                       0x08001c7c   Section        0  stm32f4xx_hal_adc.o(i.HAL_ADC_Stop_DMA)
    i.HAL_CAN_ActivateNotification           0x08001cd4   Section        0  stm32f4xx_hal_can.o(i.HAL_CAN_ActivateNotification)
    i.HAL_CAN_AddTxMessage                   0x08001cf8   Section        0  stm32f4xx_hal_can.o(i.HAL_CAN_AddTxMessage)
    i.HAL_CAN_ConfigFilter                   0x08001dc0   Section        0  stm32f4xx_hal_can.o(i.HAL_CAN_ConfigFilter)
    i.HAL_CAN_ErrorCallback                  0x08001ecc   Section        0  stm32f4xx_hal_can.o(i.HAL_CAN_ErrorCallback)
    i.HAL_CAN_GetRxMessage                   0x08001ece   Section        0  stm32f4xx_hal_can.o(i.HAL_CAN_GetRxMessage)
    i.HAL_CAN_IRQHandler                     0x08001fb6   Section        0  stm32f4xx_hal_can.o(i.HAL_CAN_IRQHandler)
    i.HAL_CAN_Init                           0x080021b2   Section        0  stm32f4xx_hal_can.o(i.HAL_CAN_Init)
    i.HAL_CAN_MspInit                        0x080022cc   Section        0  can.o(i.HAL_CAN_MspInit)
    i.HAL_CAN_RxFifo0FullCallback            0x08002358   Section        0  stm32f4xx_hal_can.o(i.HAL_CAN_RxFifo0FullCallback)
    i.HAL_CAN_RxFifo0MsgPendingCallback      0x0800235a   Section        0  stm32f4xx_hal_can.o(i.HAL_CAN_RxFifo0MsgPendingCallback)
    i.HAL_CAN_RxFifo1FullCallback            0x0800235c   Section        0  stm32f4xx_hal_can.o(i.HAL_CAN_RxFifo1FullCallback)
    i.HAL_CAN_RxFifo1MsgPendingCallback      0x0800235e   Section        0  stm32f4xx_hal_can.o(i.HAL_CAN_RxFifo1MsgPendingCallback)
    i.HAL_CAN_SleepCallback                  0x08002360   Section        0  stm32f4xx_hal_can.o(i.HAL_CAN_SleepCallback)
    i.HAL_CAN_Start                          0x08002364   Section        0  stm32f4xx_hal_can.o(i.HAL_CAN_Start)
    i.HAL_CAN_TxMailbox0AbortCallback        0x080023bc   Section        0  stm32f4xx_hal_can.o(i.HAL_CAN_TxMailbox0AbortCallback)
    i.HAL_CAN_TxMailbox0CompleteCallback     0x080023be   Section        0  stm32f4xx_hal_can.o(i.HAL_CAN_TxMailbox0CompleteCallback)
    i.HAL_CAN_TxMailbox1AbortCallback        0x080023c0   Section        0  stm32f4xx_hal_can.o(i.HAL_CAN_TxMailbox1AbortCallback)
    i.HAL_CAN_TxMailbox1CompleteCallback     0x080023c2   Section        0  stm32f4xx_hal_can.o(i.HAL_CAN_TxMailbox1CompleteCallback)
    i.HAL_CAN_TxMailbox2AbortCallback        0x080023c4   Section        0  stm32f4xx_hal_can.o(i.HAL_CAN_TxMailbox2AbortCallback)
    i.HAL_CAN_TxMailbox2CompleteCallback     0x080023c6   Section        0  stm32f4xx_hal_can.o(i.HAL_CAN_TxMailbox2CompleteCallback)
    i.HAL_CAN_WakeUpFromRxMsgCallback        0x080023c8   Section        0  stm32f4xx_hal_can.o(i.HAL_CAN_WakeUpFromRxMsgCallback)
    i.HAL_DMA_Abort                          0x080023ca   Section        0  stm32f4xx_hal_dma.o(i.HAL_DMA_Abort)
    i.HAL_DMA_IRQHandler                     0x08002458   Section        0  stm32f4xx_hal_dma.o(i.HAL_DMA_IRQHandler)
    i.HAL_DMA_Init                           0x080025f8   Section        0  stm32f4xx_hal_dma.o(i.HAL_DMA_Init)
    i.HAL_DMA_Start_IT                       0x080026cc   Section        0  stm32f4xx_hal_dma.o(i.HAL_DMA_Start_IT)
    i.HAL_Delay                              0x0800273c   Section        0  stm32f4xx_hal.o(i.HAL_Delay)
    i.HAL_GPIO_Init                          0x08002760   Section        0  stm32f4xx_hal_gpio.o(i.HAL_GPIO_Init)
    i.HAL_GPIO_TogglePin                     0x08002918   Section        0  stm32f4xx_hal_gpio.o(i.HAL_GPIO_TogglePin)
    i.HAL_GPIO_WritePin                      0x08002926   Section        0  stm32f4xx_hal_gpio.o(i.HAL_GPIO_WritePin)
    i.HAL_GetTick                            0x08002930   Section        0  stm32f4xx_hal.o(i.HAL_GetTick)
    i.HAL_I2C_Init                           0x0800293c   Section        0  stm32f4xx_hal_i2c.o(i.HAL_I2C_Init)
    i.HAL_I2C_MspInit                        0x08002ac4   Section        0  i2c.o(i.HAL_I2C_MspInit)
    i.HAL_IncTick                            0x08002b30   Section        0  stm32f4xx_hal.o(i.HAL_IncTick)
    i.HAL_Init                               0x08002b40   Section        0  stm32f4xx_hal.o(i.HAL_Init)
    i.HAL_InitTick                           0x08002b74   Section        0  stm32f4xx_hal.o(i.HAL_InitTick)
    i.HAL_MspInit                            0x08002bb4   Section        0  stm32f4xx_hal_msp.o(i.HAL_MspInit)
    i.HAL_NVIC_EnableIRQ                     0x08002be4   Section        0  stm32f4xx_hal_cortex.o(i.HAL_NVIC_EnableIRQ)
    i.HAL_NVIC_SetPriority                   0x08002c00   Section        0  stm32f4xx_hal_cortex.o(i.HAL_NVIC_SetPriority)
    i.HAL_NVIC_SetPriorityGrouping           0x08002c40   Section        0  stm32f4xx_hal_cortex.o(i.HAL_NVIC_SetPriorityGrouping)
    i.HAL_RCC_ClockConfig                    0x08002c64   Section        0  stm32f4xx_hal_rcc.o(i.HAL_RCC_ClockConfig)
    i.HAL_RCC_GetPCLK1Freq                   0x08002d98   Section        0  stm32f4xx_hal_rcc.o(i.HAL_RCC_GetPCLK1Freq)
    i.HAL_RCC_GetPCLK2Freq                   0x08002db8   Section        0  stm32f4xx_hal_rcc.o(i.HAL_RCC_GetPCLK2Freq)
    i.HAL_RCC_GetSysClockFreq                0x08002dd8   Section        0  stm32f4xx_hal_rcc.o(i.HAL_RCC_GetSysClockFreq)
    i.HAL_RCC_OscConfig                      0x08002e38   Section        0  stm32f4xx_hal_rcc.o(i.HAL_RCC_OscConfig)
    i.HAL_SYSTICK_Config                     0x08003194   Section        0  stm32f4xx_hal_cortex.o(i.HAL_SYSTICK_Config)
    i.HAL_TIMEx_ConfigBreakDeadTime          0x080031bc   Section        0  stm32f4xx_hal_tim_ex.o(i.HAL_TIMEx_ConfigBreakDeadTime)
    i.HAL_TIMEx_MasterConfigSynchronization  0x08003210   Section        0  stm32f4xx_hal_tim_ex.o(i.HAL_TIMEx_MasterConfigSynchronization)
    i.HAL_TIM_Base_Init                      0x080032a0   Section        0  stm32f4xx_hal_tim.o(i.HAL_TIM_Base_Init)
    i.HAL_TIM_Base_MspInit                   0x080032d8   Section        0  tim.o(i.HAL_TIM_Base_MspInit)
    i.HAL_TIM_Base_Start                     0x0800330c   Section        0  stm32f4xx_hal_tim.o(i.HAL_TIM_Base_Start)
    i.HAL_TIM_ConfigClockSource              0x08003330   Section        0  stm32f4xx_hal_tim.o(i.HAL_TIM_ConfigClockSource)
    i.HAL_TIM_MspPostInit                    0x08003408   Section        0  tim.o(i.HAL_TIM_MspPostInit)
    i.HAL_TIM_PWM_ConfigChannel              0x080034ac   Section        0  stm32f4xx_hal_tim.o(i.HAL_TIM_PWM_ConfigChannel)
    i.HAL_TIM_PWM_Init                       0x0800357c   Section        0  stm32f4xx_hal_tim.o(i.HAL_TIM_PWM_Init)
    i.HAL_TIM_PWM_MspInit                    0x080035b2   Section        0  stm32f4xx_hal_tim.o(i.HAL_TIM_PWM_MspInit)
    i.HAL_TIM_PWM_Start                      0x080035b4   Section        0  stm32f4xx_hal_tim.o(i.HAL_TIM_PWM_Start)
    i.HAL_TIM_PWM_Stop                       0x080035f8   Section        0  stm32f4xx_hal_tim.o(i.HAL_TIM_PWM_Stop)
    i.HAL_UART_Init                          0x08003654   Section        0  stm32f4xx_hal_uart.o(i.HAL_UART_Init)
    i.HAL_UART_MspInit                       0x080036b8   Section        0  usart.o(i.HAL_UART_MspInit)
    i.HAL_UART_Transmit                      0x0800379c   Section        0  stm32f4xx_hal_uart.o(i.HAL_UART_Transmit)
    i.HardFault_Handler                      0x08003856   Section        0  stm32f4xx_it.o(i.HardFault_Handler)
    i.MX_ADC1_Init                           0x08003858   Section        0  adc.o(i.MX_ADC1_Init)
    i.MX_ADC2_Init                           0x080038d0   Section        0  adc.o(i.MX_ADC2_Init)
    i.MX_CAN1_Init                           0x08003960   Section        0  can.o(i.MX_CAN1_Init)
    i.MX_DMA_Init                            0x080039a4   Section        0  dma.o(i.MX_DMA_Init)
    i.MX_GPIO_Init                           0x080039e0   Section        0  gpio.o(i.MX_GPIO_Init)
    i.MX_I2C1_Init                           0x08003a98   Section        0  i2c.o(i.MX_I2C1_Init)
    i.MX_TIM1_Init                           0x08003ad8   Section        0  tim.o(i.MX_TIM1_Init)
    i.MX_TIM2_Init                           0x08003bd8   Section        0  tim.o(i.MX_TIM2_Init)
    i.MX_USART1_UART_Init                    0x08003ca0   Section        0  usart.o(i.MX_USART1_UART_Init)
    i.MX_USART2_UART_Init                    0x08003cd8   Section        0  usart.o(i.MX_USART2_UART_Init)
    i.MX_USART3_UART_Init                    0x08003d10   Section        0  usart.o(i.MX_USART3_UART_Init)
    i.MemManage_Handler                      0x08003d48   Section        0  stm32f4xx_it.o(i.MemManage_Handler)
    i.NMI_Handler                            0x08003d4a   Section        0  stm32f4xx_it.o(i.NMI_Handler)
    i.PID_Calculate                          0x08003d4c   Section        0  pid.o(i.PID_Calculate)
    i.PID_Init                               0x08003e4c   Section        0  pid.o(i.PID_Init)
    i.PendSV_Handler                         0x08003e78   Section        0  stm32f4xx_it.o(i.PendSV_Handler)
    i.RGB_LED_BeforeWork_Check               0x08003e7c   Section        0  rgbled.o(i.RGB_LED_BeforeWork_Check)
    i.RGB_LED_Init                           0x08003eb8   Section        0  rgbled.o(i.RGB_LED_Init)
    i.SVC_Handler                            0x08003ee0   Section        0  stm32f4xx_it.o(i.SVC_Handler)
    i.SysTick_Handler                        0x08003ee2   Section        0  stm32f4xx_it.o(i.SysTick_Handler)
    i.SystemClock_Config                     0x08003ee8   Section        0  main.o(i.SystemClock_Config)
    i.SystemInit                             0x08003f7c   Section        0  system_stm32f4xx.o(i.SystemInit)
    i.TIM_Base_SetConfig                     0x08003f98   Section        0  stm32f4xx_hal_tim.o(i.TIM_Base_SetConfig)
    i.TIM_CCxChannelCmd                      0x08004060   Section        0  stm32f4xx_hal_tim.o(i.TIM_CCxChannelCmd)
    i.TIM_ETR_SetConfig                      0x0800407a   Section        0  stm32f4xx_hal_tim.o(i.TIM_ETR_SetConfig)
    i.TIM_ITRx_SetConfig                     0x0800408e   Section        0  stm32f4xx_hal_tim.o(i.TIM_ITRx_SetConfig)
    TIM_ITRx_SetConfig                       0x0800408f   Thumb Code    16  stm32f4xx_hal_tim.o(i.TIM_ITRx_SetConfig)
    i.TIM_OC1_SetConfig                      0x080040a0   Section        0  stm32f4xx_hal_tim.o(i.TIM_OC1_SetConfig)
    TIM_OC1_SetConfig                        0x080040a1   Thumb Code    88  stm32f4xx_hal_tim.o(i.TIM_OC1_SetConfig)
    i.TIM_OC2_SetConfig                      0x08004100   Section        0  stm32f4xx_hal_tim.o(i.TIM_OC2_SetConfig)
    i.TIM_OC3_SetConfig                      0x0800416c   Section        0  stm32f4xx_hal_tim.o(i.TIM_OC3_SetConfig)
    TIM_OC3_SetConfig                        0x0800416d   Thumb Code    96  stm32f4xx_hal_tim.o(i.TIM_OC3_SetConfig)
    i.TIM_OC4_SetConfig                      0x080041d4   Section        0  stm32f4xx_hal_tim.o(i.TIM_OC4_SetConfig)
    TIM_OC4_SetConfig                        0x080041d5   Thumb Code    70  stm32f4xx_hal_tim.o(i.TIM_OC4_SetConfig)
    i.TIM_TI1_ConfigInputStage               0x08004224   Section        0  stm32f4xx_hal_tim.o(i.TIM_TI1_ConfigInputStage)
    TIM_TI1_ConfigInputStage                 0x08004225   Thumb Code    34  stm32f4xx_hal_tim.o(i.TIM_TI1_ConfigInputStage)
    i.TIM_TI2_ConfigInputStage               0x08004246   Section        0  stm32f4xx_hal_tim.o(i.TIM_TI2_ConfigInputStage)
    TIM_TI2_ConfigInputStage                 0x08004247   Thumb Code    36  stm32f4xx_hal_tim.o(i.TIM_TI2_ConfigInputStage)
    i.UART_SetConfig                         0x0800426c   Section        0  stm32f4xx_hal_uart.o(i.UART_SetConfig)
    UART_SetConfig                           0x0800426d   Thumb Code   286  stm32f4xx_hal_uart.o(i.UART_SetConfig)
    i.UART_WaitOnFlagUntilTimeout            0x08004394   Section        0  stm32f4xx_hal_uart.o(i.UART_WaitOnFlagUntilTimeout)
    UART_WaitOnFlagUntilTimeout              0x08004395   Thumb Code   100  stm32f4xx_hal_uart.o(i.UART_WaitOnFlagUntilTimeout)
    i.UsageFault_Handler                     0x080043f8   Section        0  stm32f4xx_it.o(i.UsageFault_Handler)
    i.__NVIC_SetPriority                     0x080043fa   Section        0  stm32f4xx_hal_cortex.o(i.__NVIC_SetPriority)
    __NVIC_SetPriority                       0x080043fb   Thumb Code    32  stm32f4xx_hal_cortex.o(i.__NVIC_SetPriority)
    i.__scatterload_copy                     0x0800441a   Section       14  handlers.o(i.__scatterload_copy)
    i.__scatterload_null                     0x08004428   Section        2  handlers.o(i.__scatterload_null)
    i.__scatterload_zeroinit                 0x0800442a   Section       14  handlers.o(i.__scatterload_zeroinit)
    i.low_filter_calc                        0x08004438   Section        0  filter.o(i.low_filter_calc)
    i.low_filter_init                        0x0800445c   Section        0  filter.o(i.low_filter_init)
    i.main                                   0x080044c0   Section        0  main.o(i.main)
    i.senddebug                              0x08004644   Section        0  main.o(i.senddebug)
    i.sendware                               0x080046a0   Section        0  main.o(i.sendware)
    i.supercap_sendmessage                   0x080046e8   Section        0  can_receive.o(i.supercap_sendmessage)
    .constdata                               0x08004720   Section        8  stm32f4xx_hal_dma.o(.constdata)
    flagBitshiftOffset                       0x08004720   Data           8  stm32f4xx_hal_dma.o(.constdata)
    .constdata                               0x08004728   Section       16  system_stm32f4xx.o(.constdata)
    .constdata                               0x08004738   Section        8  system_stm32f4xx.o(.constdata)
    .data                                    0x20000000   Section        8  stm32f4xx_it.o(.data)
    aData                                    0x20000000   Data           8  stm32f4xx_it.o(.data)
    .data                                    0x20000008   Section       12  stm32f4xx_hal.o(.data)
    .data                                    0x20000014   Section        4  system_stm32f4xx.o(.data)
    .data                                    0x20000018   Section        8  adcread.o(.data)
    .data                                    0x20000020   Section        8  can_receive.o(.data)
    supercap_tx_data                         0x20000020   Data           2  can_receive.o(.data)
    .data                                    0x20000028   Section       16  buckboostcontrol.o(.data)
    .bss                                     0x20000038   Section      336  adc.o(.bss)
    .bss                                     0x20000188   Section       40  can.o(.bss)
    .bss                                     0x200001b0   Section       84  i2c.o(.bss)
    .bss                                     0x20000204   Section      128  tim.o(.bss)
    .bss                                     0x20000284   Section      192  usart.o(.bss)
    .bss                                     0x20000348   Section      392  adcread.o(.bss)
    .bss                                     0x200004d0   Section       36  can_receive.o(.bss)
    supercap                                 0x200004d0   Data          10  can_receive.o(.bss)
    .bss                                     0x200004f4   Section       28  can_receive.o(.bss)
    .bss                                     0x20000510   Section      400  buckboostcontrol.o(.bss)
    .bss                                     0x200006a0   Section      120  filter.o(.bss)
    STACK                                    0x20000718   Section     1024  startup_stm32f407xx.o(STACK)

    Global Symbols

    Symbol Name                              Value     Ov Type        Size  Object(Section)

    BuildAttributes$$THM_ISAv4$E$P$D$K$B$S$7EM$VFPi3$EXTD16$VFPS$VFMA$PE$A:L22UL41UL21$X:L11$S22US41US21$IEEE1$IW$USESV6$~STKCKD$USESV7$~SHL$OTIME$ROPI$EBA8$MICROLIB$REQ8$PRES8$EABIv2 0x00000000   Number         0  anon$$obj.o ABSOLUTE
    __ARM_use_no_argv                        0x00000000   Number         0  main.o ABSOLUTE
    __cpp_initialize__aeabi_                  - Undefined Weak Reference
    __cxa_finalize                            - Undefined Weak Reference
    __decompress                              - Undefined Weak Reference
    _clock_init                               - Undefined Weak Reference
    _microlib_exit                            - Undefined Weak Reference
    __Vectors_Size                           0x00000188   Number         0  startup_stm32f407xx.o ABSOLUTE
    __Vectors                                0x08000000   Data           4  startup_stm32f407xx.o(RESET)
    __Vectors_End                            0x08000188   Data           0  startup_stm32f407xx.o(RESET)
    __main                                   0x08000189   Thumb Code     0  entry.o(.ARM.Collect$$$$00000000)
    _main_stk                                0x08000189   Thumb Code     0  entry2.o(.ARM.Collect$$$$00000001)
    _main_scatterload                        0x0800018d   Thumb Code     0  entry5.o(.ARM.Collect$$$$00000004)
    __main_after_scatterload                 0x08000191   Thumb Code     0  entry5.o(.ARM.Collect$$$$00000004)
    _main_clock                              0x08000191   Thumb Code     0  entry7b.o(.ARM.Collect$$$$00000008)
    _main_cpp_init                           0x08000191   Thumb Code     0  entry8b.o(.ARM.Collect$$$$0000000A)
    _main_init                               0x08000191   Thumb Code     0  entry9a.o(.ARM.Collect$$$$0000000B)
    __rt_final_cpp                           0x08000199   Thumb Code     0  entry10a.o(.ARM.Collect$$$$0000000D)
    __rt_final_exit                          0x08000199   Thumb Code     0  entry11a.o(.ARM.Collect$$$$0000000F)
    Reset_Handler                            0x0800019d   Thumb Code     8  startup_stm32f407xx.o(.text)
    CAN1_RX1_IRQHandler                      0x080001b7   Thumb Code     0  startup_stm32f407xx.o(.text)
    CAN1_SCE_IRQHandler                      0x080001b7   Thumb Code     0  startup_stm32f407xx.o(.text)
    CAN2_RX0_IRQHandler                      0x080001b7   Thumb Code     0  startup_stm32f407xx.o(.text)
    CAN2_RX1_IRQHandler                      0x080001b7   Thumb Code     0  startup_stm32f407xx.o(.text)
    CAN2_SCE_IRQHandler                      0x080001b7   Thumb Code     0  startup_stm32f407xx.o(.text)
    CAN2_TX_IRQHandler                       0x080001b7   Thumb Code     0  startup_stm32f407xx.o(.text)
    DCMI_IRQHandler                          0x080001b7   Thumb Code     0  startup_stm32f407xx.o(.text)
    DMA1_Stream0_IRQHandler                  0x080001b7   Thumb Code     0  startup_stm32f407xx.o(.text)
    DMA1_Stream1_IRQHandler                  0x080001b7   Thumb Code     0  startup_stm32f407xx.o(.text)
    DMA1_Stream2_IRQHandler                  0x080001b7   Thumb Code     0  startup_stm32f407xx.o(.text)
    DMA1_Stream3_IRQHandler                  0x080001b7   Thumb Code     0  startup_stm32f407xx.o(.text)
    DMA1_Stream4_IRQHandler                  0x080001b7   Thumb Code     0  startup_stm32f407xx.o(.text)
    DMA1_Stream5_IRQHandler                  0x080001b7   Thumb Code     0  startup_stm32f407xx.o(.text)
    DMA1_Stream6_IRQHandler                  0x080001b7   Thumb Code     0  startup_stm32f407xx.o(.text)
    DMA1_Stream7_IRQHandler                  0x080001b7   Thumb Code     0  startup_stm32f407xx.o(.text)
    DMA2_Stream1_IRQHandler                  0x080001b7   Thumb Code     0  startup_stm32f407xx.o(.text)
    DMA2_Stream3_IRQHandler                  0x080001b7   Thumb Code     0  startup_stm32f407xx.o(.text)
    DMA2_Stream4_IRQHandler                  0x080001b7   Thumb Code     0  startup_stm32f407xx.o(.text)
    DMA2_Stream5_IRQHandler                  0x080001b7   Thumb Code     0  startup_stm32f407xx.o(.text)
    DMA2_Stream6_IRQHandler                  0x080001b7   Thumb Code     0  startup_stm32f407xx.o(.text)
    DMA2_Stream7_IRQHandler                  0x080001b7   Thumb Code     0  startup_stm32f407xx.o(.text)
    ETH_IRQHandler                           0x080001b7   Thumb Code     0  startup_stm32f407xx.o(.text)
    ETH_WKUP_IRQHandler                      0x080001b7   Thumb Code     0  startup_stm32f407xx.o(.text)
    EXTI0_IRQHandler                         0x080001b7   Thumb Code     0  startup_stm32f407xx.o(.text)
    EXTI15_10_IRQHandler                     0x080001b7   Thumb Code     0  startup_stm32f407xx.o(.text)
    EXTI1_IRQHandler                         0x080001b7   Thumb Code     0  startup_stm32f407xx.o(.text)
    EXTI2_IRQHandler                         0x080001b7   Thumb Code     0  startup_stm32f407xx.o(.text)
    EXTI3_IRQHandler                         0x080001b7   Thumb Code     0  startup_stm32f407xx.o(.text)
    EXTI4_IRQHandler                         0x080001b7   Thumb Code     0  startup_stm32f407xx.o(.text)
    EXTI9_5_IRQHandler                       0x080001b7   Thumb Code     0  startup_stm32f407xx.o(.text)
    FLASH_IRQHandler                         0x080001b7   Thumb Code     0  startup_stm32f407xx.o(.text)
    FMC_IRQHandler                           0x080001b7   Thumb Code     0  startup_stm32f407xx.o(.text)
    FPU_IRQHandler                           0x080001b7   Thumb Code     0  startup_stm32f407xx.o(.text)
    HASH_RNG_IRQHandler                      0x080001b7   Thumb Code     0  startup_stm32f407xx.o(.text)
    I2C1_ER_IRQHandler                       0x080001b7   Thumb Code     0  startup_stm32f407xx.o(.text)
    I2C1_EV_IRQHandler                       0x080001b7   Thumb Code     0  startup_stm32f407xx.o(.text)
    I2C2_ER_IRQHandler                       0x080001b7   Thumb Code     0  startup_stm32f407xx.o(.text)
    I2C2_EV_IRQHandler                       0x080001b7   Thumb Code     0  startup_stm32f407xx.o(.text)
    I2C3_ER_IRQHandler                       0x080001b7   Thumb Code     0  startup_stm32f407xx.o(.text)
    I2C3_EV_IRQHandler                       0x080001b7   Thumb Code     0  startup_stm32f407xx.o(.text)
    OTG_FS_IRQHandler                        0x080001b7   Thumb Code     0  startup_stm32f407xx.o(.text)
    OTG_FS_WKUP_IRQHandler                   0x080001b7   Thumb Code     0  startup_stm32f407xx.o(.text)
    OTG_HS_EP1_IN_IRQHandler                 0x080001b7   Thumb Code     0  startup_stm32f407xx.o(.text)
    OTG_HS_EP1_OUT_IRQHandler                0x080001b7   Thumb Code     0  startup_stm32f407xx.o(.text)
    OTG_HS_IRQHandler                        0x080001b7   Thumb Code     0  startup_stm32f407xx.o(.text)
    OTG_HS_WKUP_IRQHandler                   0x080001b7   Thumb Code     0  startup_stm32f407xx.o(.text)
    PVD_IRQHandler                           0x080001b7   Thumb Code     0  startup_stm32f407xx.o(.text)
    RCC_IRQHandler                           0x080001b7   Thumb Code     0  startup_stm32f407xx.o(.text)
    RTC_Alarm_IRQHandler                     0x080001b7   Thumb Code     0  startup_stm32f407xx.o(.text)
    RTC_WKUP_IRQHandler                      0x080001b7   Thumb Code     0  startup_stm32f407xx.o(.text)
    SDIO_IRQHandler                          0x080001b7   Thumb Code     0  startup_stm32f407xx.o(.text)
    SPI1_IRQHandler                          0x080001b7   Thumb Code     0  startup_stm32f407xx.o(.text)
    SPI2_IRQHandler                          0x080001b7   Thumb Code     0  startup_stm32f407xx.o(.text)
    SPI3_IRQHandler                          0x080001b7   Thumb Code     0  startup_stm32f407xx.o(.text)
    TAMP_STAMP_IRQHandler                    0x080001b7   Thumb Code     0  startup_stm32f407xx.o(.text)
    TIM1_BRK_TIM9_IRQHandler                 0x080001b7   Thumb Code     0  startup_stm32f407xx.o(.text)
    TIM1_CC_IRQHandler                       0x080001b7   Thumb Code     0  startup_stm32f407xx.o(.text)
    TIM1_TRG_COM_TIM11_IRQHandler            0x080001b7   Thumb Code     0  startup_stm32f407xx.o(.text)
    TIM1_UP_TIM10_IRQHandler                 0x080001b7   Thumb Code     0  startup_stm32f407xx.o(.text)
    TIM2_IRQHandler                          0x080001b7   Thumb Code     0  startup_stm32f407xx.o(.text)
    TIM3_IRQHandler                          0x080001b7   Thumb Code     0  startup_stm32f407xx.o(.text)
    TIM4_IRQHandler                          0x080001b7   Thumb Code     0  startup_stm32f407xx.o(.text)
    TIM5_IRQHandler                          0x080001b7   Thumb Code     0  startup_stm32f407xx.o(.text)
    TIM6_DAC_IRQHandler                      0x080001b7   Thumb Code     0  startup_stm32f407xx.o(.text)
    TIM7_IRQHandler                          0x080001b7   Thumb Code     0  startup_stm32f407xx.o(.text)
    TIM8_BRK_TIM12_IRQHandler                0x080001b7   Thumb Code     0  startup_stm32f407xx.o(.text)
    TIM8_CC_IRQHandler                       0x080001b7   Thumb Code     0  startup_stm32f407xx.o(.text)
    TIM8_TRG_COM_TIM14_IRQHandler            0x080001b7   Thumb Code     0  startup_stm32f407xx.o(.text)
    TIM8_UP_TIM13_IRQHandler                 0x080001b7   Thumb Code     0  startup_stm32f407xx.o(.text)
    UART4_IRQHandler                         0x080001b7   Thumb Code     0  startup_stm32f407xx.o(.text)
    UART5_IRQHandler                         0x080001b7   Thumb Code     0  startup_stm32f407xx.o(.text)
    USART1_IRQHandler                        0x080001b7   Thumb Code     0  startup_stm32f407xx.o(.text)
    USART2_IRQHandler                        0x080001b7   Thumb Code     0  startup_stm32f407xx.o(.text)
    USART3_IRQHandler                        0x080001b7   Thumb Code     0  startup_stm32f407xx.o(.text)
    USART6_IRQHandler                        0x080001b7   Thumb Code     0  startup_stm32f407xx.o(.text)
    WWDG_IRQHandler                          0x080001b7   Thumb Code     0  startup_stm32f407xx.o(.text)
    __aeabi_uldivmod                         0x080001c1   Thumb Code    98  uldiv.o(.text)
    __aeabi_memset                           0x08000223   Thumb Code    14  memseta.o(.text)
    __aeabi_memset4                          0x08000223   Thumb Code     0  memseta.o(.text)
    __aeabi_memset8                          0x08000223   Thumb Code     0  memseta.o(.text)
    __aeabi_memclr                           0x08000231   Thumb Code     4  memseta.o(.text)
    __aeabi_memclr4                          0x08000231   Thumb Code     0  memseta.o(.text)
    __aeabi_memclr8                          0x08000231   Thumb Code     0  memseta.o(.text)
    _memset$wrapper                          0x08000235   Thumb Code    18  memseta.o(.text)
    __aeabi_dadd                             0x08000247   Thumb Code   322  dadd.o(.text)
    __aeabi_dsub                             0x08000389   Thumb Code     6  dadd.o(.text)
    __aeabi_drsub                            0x0800038f   Thumb Code     6  dadd.o(.text)
    __aeabi_dmul                             0x08000395   Thumb Code   228  dmul.o(.text)
    __aeabi_ddiv                             0x08000479   Thumb Code   222  ddiv.o(.text)
    __aeabi_d2uiz                            0x08000557   Thumb Code    50  dfixui.o(.text)
    __aeabi_f2d                              0x08000589   Thumb Code    38  f2d.o(.text)
    __aeabi_cdcmpeq                          0x080005b1   Thumb Code     0  cdcmple.o(.text)
    __aeabi_cdcmple                          0x080005b1   Thumb Code    48  cdcmple.o(.text)
    __aeabi_cdrcmple                         0x080005e1   Thumb Code    48  cdrcmple.o(.text)
    __aeabi_d2f                              0x08000611   Thumb Code    56  d2f.o(.text)
    __aeabi_llsl                             0x08000649   Thumb Code    30  llshl.o(.text)
    _ll_shift_l                              0x08000649   Thumb Code     0  llshl.o(.text)
    __aeabi_llsr                             0x08000667   Thumb Code    32  llushr.o(.text)
    _ll_ushift_r                             0x08000667   Thumb Code     0  llushr.o(.text)
    __aeabi_lasr                             0x08000687   Thumb Code    36  llsshr.o(.text)
    _ll_sshift_r                             0x08000687   Thumb Code     0  llsshr.o(.text)
    __I$use$fp                               0x080006ab   Thumb Code     0  iusefp.o(.text)
    _float_round                             0x080006ab   Thumb Code    18  fepilogue.o(.text)
    _float_epilogue                          0x080006bd   Thumb Code    92  fepilogue.o(.text)
    _double_round                            0x08000719   Thumb Code    30  depilogue.o(.text)
    _double_epilogue                         0x08000737   Thumb Code   156  depilogue.o(.text)
    __scatterload                            0x080007d5   Thumb Code    28  init.o(.text)
    __scatterload_rt2                        0x080007d5   Thumb Code     0  init.o(.text)
    ADCDATA_To_RealDATA                      0x080007f9   Thumb Code   224  adcread.o(i.ADCDATA_To_RealDATA)
    ADC_IRQHandler                           0x0800096d   Thumb Code    18  stm32f4xx_it.o(i.ADC_IRQHandler)
    BuckBoostInit                            0x08000ab1   Thumb Code   246  buckboostcontrol.o(i.BuckBoostInit)
    BuckBoost_FIFO_Feedback                  0x08000be1   Thumb Code   396  buckboostcontrol.o(i.BuckBoost_FIFO_Feedback)
    BuckBoost_OUT                            0x08000d91   Thumb Code    60  buckboostcontrol.o(i.BuckBoost_OUT)
    BuckBoost_OUTControl                     0x08000dd5   Thumb Code   626  buckboostcontrol.o(i.BuckBoost_OUTControl)
    BuckBoost_PID_Calculate                  0x0800108d   Thumb Code   286  buckboostcontrol.o(i.BuckBoost_PID_Calculate)
    BuckBoost_Set_Control                    0x080011bd   Thumb Code   194  buckboostcontrol.o(i.BuckBoost_Set_Control)
    BusFault_Handler                         0x0800129d   Thumb Code     2  stm32f4xx_it.o(i.BusFault_Handler)
    Buzzer_BeforeWork_Check                  0x080012a1   Thumb Code    34  buzzer.o(i.Buzzer_BeforeWork_Check)
    Buzzer_Init                              0x080012c9   Thumb Code    20  buzzer.o(i.Buzzer_Init)
    CAN1_Getdata                             0x080012e1   Thumb Code    20  can_receive.o(i.CAN1_Getdata)
    CAN1_Init                                0x080012f9   Thumb Code    56  can_receive.o(i.CAN1_Init)
    CAN1_RX0_IRQHandler                      0x08001335   Thumb Code    32  stm32f4xx_it.o(i.CAN1_RX0_IRQHandler)
    CAN1_TX_IRQHandler                       0x08001361   Thumb Code     6  stm32f4xx_it.o(i.CAN1_TX_IRQHandler)
    DMA2_Stream0_IRQHandler                  0x0800136d   Thumb Code     6  stm32f4xx_it.o(i.DMA2_Stream0_IRQHandler)
    DMA2_Stream2_IRQHandler                  0x08001379   Thumb Code     6  stm32f4xx_it.o(i.DMA2_Stream2_IRQHandler)
    DebugMon_Handler                         0x08001429   Thumb Code     2  stm32f4xx_it.o(i.DebugMon_Handler)
    ELEC_INFO_ADC_Read                       0x0800142d   Thumb Code   196  adcread.o(i.ELEC_INFO_ADC_Read)
    ELEC_INFO_ADC_Read_Init                  0x0800150d   Thumb Code    38  adcread.o(i.ELEC_INFO_ADC_Read_Init)
    ELEC_INFO_INIT                           0x08001545   Thumb Code   230  adcread.o(i.ELEC_INFO_INIT)
    Error_Handler                            0x08001661   Thumb Code     4  main.o(i.Error_Handler)
    HAL_ADCEx_InjectedConvCpltCallback       0x08001665   Thumb Code     2  stm32f4xx_hal_adc_ex.o(i.HAL_ADCEx_InjectedConvCpltCallback)
    HAL_ADC_ConfigChannel                    0x08001669   Thumb Code   316  stm32f4xx_hal_adc.o(i.HAL_ADC_ConfigChannel)
    HAL_ADC_ConvCpltCallback                 0x080017b5   Thumb Code     2  stm32f4xx_hal_adc.o(i.HAL_ADC_ConvCpltCallback)
    HAL_ADC_ConvHalfCpltCallback             0x080017b7   Thumb Code     2  stm32f4xx_hal_adc.o(i.HAL_ADC_ConvHalfCpltCallback)
    HAL_ADC_ErrorCallback                    0x080017b9   Thumb Code     2  stm32f4xx_hal_adc.o(i.HAL_ADC_ErrorCallback)
    HAL_ADC_IRQHandler                       0x080017bb   Thumb Code   316  stm32f4xx_hal_adc.o(i.HAL_ADC_IRQHandler)
    HAL_ADC_Init                             0x080018f7   Thumb Code    84  stm32f4xx_hal_adc.o(i.HAL_ADC_Init)
    HAL_ADC_LevelOutOfWindowCallback         0x0800194b   Thumb Code     2  stm32f4xx_hal_adc.o(i.HAL_ADC_LevelOutOfWindowCallback)
    HAL_ADC_MspInit                          0x0800194d   Thumb Code   250  adc.o(i.HAL_ADC_MspInit)
    HAL_ADC_Start                            0x08001a61   Thumb Code   210  stm32f4xx_hal_adc.o(i.HAL_ADC_Start)
    HAL_ADC_Start_DMA                        0x08001b4d   Thumb Code   268  stm32f4xx_hal_adc.o(i.HAL_ADC_Start_DMA)
    HAL_ADC_Stop_DMA                         0x08001c7d   Thumb Code    88  stm32f4xx_hal_adc.o(i.HAL_ADC_Stop_DMA)
    HAL_CAN_ActivateNotification             0x08001cd5   Thumb Code    36  stm32f4xx_hal_can.o(i.HAL_CAN_ActivateNotification)
    HAL_CAN_AddTxMessage                     0x08001cf9   Thumb Code   200  stm32f4xx_hal_can.o(i.HAL_CAN_AddTxMessage)
    HAL_CAN_ConfigFilter                     0x08001dc1   Thumb Code   262  stm32f4xx_hal_can.o(i.HAL_CAN_ConfigFilter)
    HAL_CAN_ErrorCallback                    0x08001ecd   Thumb Code     2  stm32f4xx_hal_can.o(i.HAL_CAN_ErrorCallback)
    HAL_CAN_GetRxMessage                     0x08001ecf   Thumb Code   232  stm32f4xx_hal_can.o(i.HAL_CAN_GetRxMessage)
    HAL_CAN_IRQHandler                       0x08001fb7   Thumb Code   508  stm32f4xx_hal_can.o(i.HAL_CAN_IRQHandler)
    HAL_CAN_Init                             0x080021b3   Thumb Code   282  stm32f4xx_hal_can.o(i.HAL_CAN_Init)
    HAL_CAN_MspInit                          0x080022cd   Thumb Code   126  can.o(i.HAL_CAN_MspInit)
    HAL_CAN_RxFifo0FullCallback              0x08002359   Thumb Code     2  stm32f4xx_hal_can.o(i.HAL_CAN_RxFifo0FullCallback)
    HAL_CAN_RxFifo0MsgPendingCallback        0x0800235b   Thumb Code     2  stm32f4xx_hal_can.o(i.HAL_CAN_RxFifo0MsgPendingCallback)
    HAL_CAN_RxFifo1FullCallback              0x0800235d   Thumb Code     2  stm32f4xx_hal_can.o(i.HAL_CAN_RxFifo1FullCallback)
    HAL_CAN_RxFifo1MsgPendingCallback        0x0800235f   Thumb Code     2  stm32f4xx_hal_can.o(i.HAL_CAN_RxFifo1MsgPendingCallback)
    HAL_CAN_SleepCallback                    0x08002361   Thumb Code     2  stm32f4xx_hal_can.o(i.HAL_CAN_SleepCallback)
    HAL_CAN_Start                            0x08002365   Thumb Code    88  stm32f4xx_hal_can.o(i.HAL_CAN_Start)
    HAL_CAN_TxMailbox0AbortCallback          0x080023bd   Thumb Code     2  stm32f4xx_hal_can.o(i.HAL_CAN_TxMailbox0AbortCallback)
    HAL_CAN_TxMailbox0CompleteCallback       0x080023bf   Thumb Code     2  stm32f4xx_hal_can.o(i.HAL_CAN_TxMailbox0CompleteCallback)
    HAL_CAN_TxMailbox1AbortCallback          0x080023c1   Thumb Code     2  stm32f4xx_hal_can.o(i.HAL_CAN_TxMailbox1AbortCallback)
    HAL_CAN_TxMailbox1CompleteCallback       0x080023c3   Thumb Code     2  stm32f4xx_hal_can.o(i.HAL_CAN_TxMailbox1CompleteCallback)
    HAL_CAN_TxMailbox2AbortCallback          0x080023c5   Thumb Code     2  stm32f4xx_hal_can.o(i.HAL_CAN_TxMailbox2AbortCallback)
    HAL_CAN_TxMailbox2CompleteCallback       0x080023c7   Thumb Code     2  stm32f4xx_hal_can.o(i.HAL_CAN_TxMailbox2CompleteCallback)
    HAL_CAN_WakeUpFromRxMsgCallback          0x080023c9   Thumb Code     2  stm32f4xx_hal_can.o(i.HAL_CAN_WakeUpFromRxMsgCallback)
    HAL_DMA_Abort                            0x080023cb   Thumb Code   142  stm32f4xx_hal_dma.o(i.HAL_DMA_Abort)
    HAL_DMA_IRQHandler                       0x08002459   Thumb Code   412  stm32f4xx_hal_dma.o(i.HAL_DMA_IRQHandler)
    HAL_DMA_Init                             0x080025f9   Thumb Code   206  stm32f4xx_hal_dma.o(i.HAL_DMA_Init)
    HAL_DMA_Start_IT                         0x080026cd   Thumb Code   110  stm32f4xx_hal_dma.o(i.HAL_DMA_Start_IT)
    HAL_Delay                                0x0800273d   Thumb Code    32  stm32f4xx_hal.o(i.HAL_Delay)
    HAL_GPIO_Init                            0x08002761   Thumb Code   394  stm32f4xx_hal_gpio.o(i.HAL_GPIO_Init)
    HAL_GPIO_TogglePin                       0x08002919   Thumb Code    14  stm32f4xx_hal_gpio.o(i.HAL_GPIO_TogglePin)
    HAL_GPIO_WritePin                        0x08002927   Thumb Code    10  stm32f4xx_hal_gpio.o(i.HAL_GPIO_WritePin)
    HAL_GetTick                              0x08002931   Thumb Code     6  stm32f4xx_hal.o(i.HAL_GetTick)
    HAL_I2C_Init                             0x0800293d   Thumb Code   376  stm32f4xx_hal_i2c.o(i.HAL_I2C_Init)
    HAL_I2C_MspInit                          0x08002ac5   Thumb Code    94  i2c.o(i.HAL_I2C_MspInit)
    HAL_IncTick                              0x08002b31   Thumb Code    12  stm32f4xx_hal.o(i.HAL_IncTick)
    HAL_Init                                 0x08002b41   Thumb Code    48  stm32f4xx_hal.o(i.HAL_Init)
    HAL_InitTick                             0x08002b75   Thumb Code    54  stm32f4xx_hal.o(i.HAL_InitTick)
    HAL_MspInit                              0x08002bb5   Thumb Code    42  stm32f4xx_hal_msp.o(i.HAL_MspInit)
    HAL_NVIC_EnableIRQ                       0x08002be5   Thumb Code    26  stm32f4xx_hal_cortex.o(i.HAL_NVIC_EnableIRQ)
    HAL_NVIC_SetPriority                     0x08002c01   Thumb Code    60  stm32f4xx_hal_cortex.o(i.HAL_NVIC_SetPriority)
    HAL_NVIC_SetPriorityGrouping             0x08002c41   Thumb Code    26  stm32f4xx_hal_cortex.o(i.HAL_NVIC_SetPriorityGrouping)
    HAL_RCC_ClockConfig                      0x08002c65   Thumb Code   288  stm32f4xx_hal_rcc.o(i.HAL_RCC_ClockConfig)
    HAL_RCC_GetPCLK1Freq                     0x08002d99   Thumb Code    20  stm32f4xx_hal_rcc.o(i.HAL_RCC_GetPCLK1Freq)
    HAL_RCC_GetPCLK2Freq                     0x08002db9   Thumb Code    20  stm32f4xx_hal_rcc.o(i.HAL_RCC_GetPCLK2Freq)
    HAL_RCC_GetSysClockFreq                  0x08002dd9   Thumb Code    88  stm32f4xx_hal_rcc.o(i.HAL_RCC_GetSysClockFreq)
    HAL_RCC_OscConfig                        0x08002e39   Thumb Code   840  stm32f4xx_hal_rcc.o(i.HAL_RCC_OscConfig)
    HAL_SYSTICK_Config                       0x08003195   Thumb Code    40  stm32f4xx_hal_cortex.o(i.HAL_SYSTICK_Config)
    HAL_TIMEx_ConfigBreakDeadTime            0x080031bd   Thumb Code    84  stm32f4xx_hal_tim_ex.o(i.HAL_TIMEx_ConfigBreakDeadTime)
    HAL_TIMEx_MasterConfigSynchronization    0x08003211   Thumb Code   116  stm32f4xx_hal_tim_ex.o(i.HAL_TIMEx_MasterConfigSynchronization)
    HAL_TIM_Base_Init                        0x080032a1   Thumb Code    54  stm32f4xx_hal_tim.o(i.HAL_TIM_Base_Init)
    HAL_TIM_Base_MspInit                     0x080032d9   Thumb Code    42  tim.o(i.HAL_TIM_Base_MspInit)
    HAL_TIM_Base_Start                       0x0800330d   Thumb Code    36  stm32f4xx_hal_tim.o(i.HAL_TIM_Base_Start)
    HAL_TIM_ConfigClockSource                0x08003331   Thumb Code   214  stm32f4xx_hal_tim.o(i.HAL_TIM_ConfigClockSource)
    HAL_TIM_MspPostInit                      0x08003409   Thumb Code   144  tim.o(i.HAL_TIM_MspPostInit)
    HAL_TIM_PWM_ConfigChannel                0x080034ad   Thumb Code   208  stm32f4xx_hal_tim.o(i.HAL_TIM_PWM_ConfigChannel)
    HAL_TIM_PWM_Init                         0x0800357d   Thumb Code    54  stm32f4xx_hal_tim.o(i.HAL_TIM_PWM_Init)
    HAL_TIM_PWM_MspInit                      0x080035b3   Thumb Code     2  stm32f4xx_hal_tim.o(i.HAL_TIM_PWM_MspInit)
    HAL_TIM_PWM_Start                        0x080035b5   Thumb Code    58  stm32f4xx_hal_tim.o(i.HAL_TIM_PWM_Start)
    HAL_TIM_PWM_Stop                         0x080035f9   Thumb Code    84  stm32f4xx_hal_tim.o(i.HAL_TIM_PWM_Stop)
    HAL_UART_Init                            0x08003655   Thumb Code    98  stm32f4xx_hal_uart.o(i.HAL_UART_Init)
    HAL_UART_MspInit                         0x080036b9   Thumb Code   202  usart.o(i.HAL_UART_MspInit)
    HAL_UART_Transmit                        0x0800379d   Thumb Code   186  stm32f4xx_hal_uart.o(i.HAL_UART_Transmit)
    HardFault_Handler                        0x08003857   Thumb Code     2  stm32f4xx_it.o(i.HardFault_Handler)
    MX_ADC1_Init                             0x08003859   Thumb Code   108  adc.o(i.MX_ADC1_Init)
    MX_ADC2_Init                             0x080038d1   Thumb Code   132  adc.o(i.MX_ADC2_Init)
    MX_CAN1_Init                             0x08003961   Thumb Code    60  can.o(i.MX_CAN1_Init)
    MX_DMA_Init                              0x080039a5   Thumb Code    56  dma.o(i.MX_DMA_Init)
    MX_GPIO_Init                             0x080039e1   Thumb Code   168  gpio.o(i.MX_GPIO_Init)
    MX_I2C1_Init                             0x08003a99   Thumb Code    50  i2c.o(i.MX_I2C1_Init)
    MX_TIM1_Init                             0x08003ad9   Thumb Code   246  tim.o(i.MX_TIM1_Init)
    MX_TIM2_Init                             0x08003bd9   Thumb Code   194  tim.o(i.MX_TIM2_Init)
    MX_USART1_UART_Init                      0x08003ca1   Thumb Code    48  usart.o(i.MX_USART1_UART_Init)
    MX_USART2_UART_Init                      0x08003cd9   Thumb Code    48  usart.o(i.MX_USART2_UART_Init)
    MX_USART3_UART_Init                      0x08003d11   Thumb Code    48  usart.o(i.MX_USART3_UART_Init)
    MemManage_Handler                        0x08003d49   Thumb Code     2  stm32f4xx_it.o(i.MemManage_Handler)
    NMI_Handler                              0x08003d4b   Thumb Code     2  stm32f4xx_it.o(i.NMI_Handler)
    PID_Calculate                            0x08003d4d   Thumb Code   252  pid.o(i.PID_Calculate)
    PID_Init                                 0x08003e4d   Thumb Code    38  pid.o(i.PID_Init)
    PendSV_Handler                           0x08003e79   Thumb Code     2  stm32f4xx_it.o(i.PendSV_Handler)
    RGB_LED_BeforeWork_Check                 0x08003e7d   Thumb Code    56  rgbled.o(i.RGB_LED_BeforeWork_Check)
    RGB_LED_Init                             0x08003eb9   Thumb Code    36  rgbled.o(i.RGB_LED_Init)
    SVC_Handler                              0x08003ee1   Thumb Code     2  stm32f4xx_it.o(i.SVC_Handler)
    SysTick_Handler                          0x08003ee3   Thumb Code     4  stm32f4xx_it.o(i.SysTick_Handler)
    SystemClock_Config                       0x08003ee9   Thumb Code   138  main.o(i.SystemClock_Config)
    SystemInit                               0x08003f7d   Thumb Code    22  system_stm32f4xx.o(i.SystemInit)
    TIM_Base_SetConfig                       0x08003f99   Thumb Code   156  stm32f4xx_hal_tim.o(i.TIM_Base_SetConfig)
    TIM_CCxChannelCmd                        0x08004061   Thumb Code    26  stm32f4xx_hal_tim.o(i.TIM_CCxChannelCmd)
    TIM_ETR_SetConfig                        0x0800407b   Thumb Code    20  stm32f4xx_hal_tim.o(i.TIM_ETR_SetConfig)
    TIM_OC2_SetConfig                        0x08004101   Thumb Code    98  stm32f4xx_hal_tim.o(i.TIM_OC2_SetConfig)
    UsageFault_Handler                       0x080043f9   Thumb Code     2  stm32f4xx_it.o(i.UsageFault_Handler)
    __scatterload_copy                       0x0800441b   Thumb Code    14  handlers.o(i.__scatterload_copy)
    __scatterload_null                       0x08004429   Thumb Code     2  handlers.o(i.__scatterload_null)
    __scatterload_zeroinit                   0x0800442b   Thumb Code    14  handlers.o(i.__scatterload_zeroinit)
    low_filter_calc                          0x08004439   Thumb Code    36  filter.o(i.low_filter_calc)
    low_filter_init                          0x0800445d   Thumb Code    92  filter.o(i.low_filter_init)
    main                                     0x080044c1   Thumb Code   340  main.o(i.main)
    senddebug                                0x08004645   Thumb Code    88  main.o(i.senddebug)
    sendware                                 0x080046a1   Thumb Code    60  main.o(i.sendware)
    supercap_sendmessage                     0x080046e9   Thumb Code    44  can_receive.o(i.supercap_sendmessage)
    AHBPrescTable                            0x08004728   Data          16  system_stm32f4xx.o(.constdata)
    APBPrescTable                            0x08004738   Data           8  system_stm32f4xx.o(.constdata)
    Region$$Table$$Base                      0x08004740   Number         0  anon$$obj.o(Region$$Table)
    Region$$Table$$Limit                     0x08004760   Number         0  anon$$obj.o(Region$$Table)
    uwTickFreq                               0x20000008   Data           1  stm32f4xx_hal.o(.data)
    uwTickPrio                               0x2000000c   Data           4  stm32f4xx_hal.o(.data)
    uwTick                                   0x20000010   Data           4  stm32f4xx_hal.o(.data)
    SystemCoreClock                          0x20000014   Data           4  system_stm32f4xx.o(.data)
    ADC1_Read_DMA_INFO                       0x20000018   Data           8  adcread.o(.data)
    pTxMailbox                               0x20000024   Data           4  can_receive.o(.data)
    buck_duty                                0x20000028   Data           4  buckboostcontrol.o(.data)
    boost_duty                               0x2000002c   Data           4  buckboostcontrol.o(.data)
    BB_CompareValue                          0x20000030   Data           4  buckboostcontrol.o(.data)
    BB_CompareValue_CAL                      0x20000034   Data           4  buckboostcontrol.o(.data)
    hadc1                                    0x20000038   Data          72  adc.o(.bss)
    hadc2                                    0x20000080   Data          72  adc.o(.bss)
    hdma_adc1                                0x200000c8   Data          96  adc.o(.bss)
    hdma_adc2                                0x20000128   Data          96  adc.o(.bss)
    hcan1                                    0x20000188   Data          40  can.o(.bss)
    hi2c1                                    0x200001b0   Data          84  i2c.o(.bss)
    htim1                                    0x20000204   Data          64  tim.o(.bss)
    htim2                                    0x20000244   Data          64  tim.o(.bss)
    huart1                                   0x20000284   Data          64  usart.o(.bss)
    huart2                                   0x200002c4   Data          64  usart.o(.bss)
    huart3                                   0x20000304   Data          64  usart.o(.bss)
    cap_c                                    0x20000348   Data          72  adcread.o(.bss)
    cap_v                                    0x20000390   Data          72  adcread.o(.bss)
    in_c                                     0x200003d8   Data          72  adcread.o(.bss)
    in_v                                     0x20000420   Data          72  adcread.o(.bss)
    out_c                                    0x20000468   Data          72  adcread.o(.bss)
    ADC2_Read_DMA_INFO                       0x200004b0   Data          12  adcread.o(.bss)
    ELEC_INFO_ADC_DATA                       0x200004bc   Data          20  adcread.o(.bss)
    Tx1Message                               0x200004dc   Data          24  can_receive.o(.bss)
    Rx1Message                               0x200004f4   Data          28  can_receive.o(.bss)
    buckboost_control                        0x20000510   Data         352  buckboostcontrol.o(.bss)
    battery_in                               0x20000670   Data          12  buckboostcontrol.o(.bss)
    chassis_out                              0x2000067c   Data          12  buckboostcontrol.o(.bss)
    dcdc_in                                  0x20000688   Data          12  buckboostcontrol.o(.bss)
    dcdc_out                                 0x20000694   Data          12  buckboostcontrol.o(.bss)
    lpf                                      0x200006a0   Data         120  filter.o(.bss)
    __initial_sp                             0x20000b18   Data           0  startup_stm32f407xx.o(STACK)



==============================================================================

Memory Map of the image

  Image Entry point : 0x08000189

  Load Region LR_IROM1 (Base: 0x08000000, Size: 0x00004798, Max: 0x00080000, ABSOLUTE)

    Execution Region ER_IROM1 (Exec base: 0x08000000, Load base: 0x08000000, Size: 0x00004760, Max: 0x00080000, ABSOLUTE)

    Exec Addr    Load Addr    Size         Type   Attr      Idx    E Section Name        Object

    0x08000000   0x08000000   0x00000188   Data   RO            3    RESET               startup_stm32f407xx.o
    0x08000188   0x08000188   0x00000000   Code   RO         4395  * .ARM.Collect$$$$00000000  mc_w.l(entry.o)
    0x08000188   0x08000188   0x00000004   Code   RO         4418    .ARM.Collect$$$$00000001  mc_w.l(entry2.o)
    0x0800018c   0x0800018c   0x00000004   Code   RO         4421    .ARM.Collect$$$$00000004  mc_w.l(entry5.o)
    0x08000190   0x08000190   0x00000000   Code   RO         4423    .ARM.Collect$$$$00000008  mc_w.l(entry7b.o)
    0x08000190   0x08000190   0x00000000   Code   RO         4425    .ARM.Collect$$$$0000000A  mc_w.l(entry8b.o)
    0x08000190   0x08000190   0x00000008   Code   RO         4426    .ARM.Collect$$$$0000000B  mc_w.l(entry9a.o)
    0x08000198   0x08000198   0x00000000   Code   RO         4428    .ARM.Collect$$$$0000000D  mc_w.l(entry10a.o)
    0x08000198   0x08000198   0x00000000   Code   RO         4430    .ARM.Collect$$$$0000000F  mc_w.l(entry11a.o)
    0x08000198   0x08000198   0x00000004   Code   RO         4419    .ARM.Collect$$$$00002712  mc_w.l(entry2.o)
    0x0800019c   0x0800019c   0x00000024   Code   RO            4    .text               startup_stm32f407xx.o
    0x080001c0   0x080001c0   0x00000062   Code   RO         4398    .text               mc_w.l(uldiv.o)
    0x08000222   0x08000222   0x00000024   Code   RO         4400    .text               mc_w.l(memseta.o)
    0x08000246   0x08000246   0x0000014e   Code   RO         4402    .text               mf_w.l(dadd.o)
    0x08000394   0x08000394   0x000000e4   Code   RO         4404    .text               mf_w.l(dmul.o)
    0x08000478   0x08000478   0x000000de   Code   RO         4406    .text               mf_w.l(ddiv.o)
    0x08000556   0x08000556   0x00000032   Code   RO         4408    .text               mf_w.l(dfixui.o)
    0x08000588   0x08000588   0x00000026   Code   RO         4410    .text               mf_w.l(f2d.o)
    0x080005ae   0x080005ae   0x00000002   PAD
    0x080005b0   0x080005b0   0x00000030   Code   RO         4412    .text               mf_w.l(cdcmple.o)
    0x080005e0   0x080005e0   0x00000030   Code   RO         4414    .text               mf_w.l(cdrcmple.o)
    0x08000610   0x08000610   0x00000038   Code   RO         4416    .text               mf_w.l(d2f.o)
    0x08000648   0x08000648   0x0000001e   Code   RO         4432    .text               mc_w.l(llshl.o)
    0x08000666   0x08000666   0x00000020   Code   RO         4434    .text               mc_w.l(llushr.o)
    0x08000686   0x08000686   0x00000024   Code   RO         4436    .text               mc_w.l(llsshr.o)
    0x080006aa   0x080006aa   0x00000000   Code   RO         4438    .text               mc_w.l(iusefp.o)
    0x080006aa   0x080006aa   0x0000006e   Code   RO         4439    .text               mf_w.l(fepilogue.o)
    0x08000718   0x08000718   0x000000ba   Code   RO         4441    .text               mf_w.l(depilogue.o)
    0x080007d2   0x080007d2   0x00000002   PAD
    0x080007d4   0x080007d4   0x00000024   Code   RO         4443    .text               mc_w.l(init.o)
    0x080007f8   0x080007f8   0x000000e4   Code   RO         4044    i.ADCDATA_To_RealDATA  adcread.o
    0x080008dc   0x080008dc   0x0000006e   Code   RO          666    i.ADC_DMAConvCplt   stm32f4xx_hal_adc.o
    0x0800094a   0x0800094a   0x00000016   Code   RO          667    i.ADC_DMAError      stm32f4xx_hal_adc.o
    0x08000960   0x08000960   0x0000000a   Code   RO          668    i.ADC_DMAHalfConvCplt  stm32f4xx_hal_adc.o
    0x0800096a   0x0800096a   0x00000002   PAD
    0x0800096c   0x0800096c   0x0000001c   Code   RO          530    i.ADC_IRQHandler    stm32f4xx_it.o
    0x08000988   0x08000988   0x00000128   Code   RO          669    i.ADC_Init          stm32f4xx_hal_adc.o
    0x08000ab0   0x08000ab0   0x00000130   Code   RO         4236    i.BuckBoostInit     buckboostcontrol.o
    0x08000be0   0x08000be0   0x000001b0   Code   RO         4237    i.BuckBoost_FIFO_Feedback  buckboostcontrol.o
    0x08000d90   0x08000d90   0x00000044   Code   RO         4238    i.BuckBoost_OUT     buckboostcontrol.o
    0x08000dd4   0x08000dd4   0x000002b8   Code   RO         4239    i.BuckBoost_OUTControl  buckboostcontrol.o
    0x0800108c   0x0800108c   0x00000130   Code   RO         4240    i.BuckBoost_PID_Calculate  buckboostcontrol.o
    0x080011bc   0x080011bc   0x000000e0   Code   RO         4241    i.BuckBoost_Set_Control  buckboostcontrol.o
    0x0800129c   0x0800129c   0x00000002   Code   RO          531    i.BusFault_Handler  stm32f4xx_it.o
    0x0800129e   0x0800129e   0x00000002   PAD
    0x080012a0   0x080012a0   0x00000028   Code   RO         4147    i.Buzzer_BeforeWork_Check  buzzer.o
    0x080012c8   0x080012c8   0x00000018   Code   RO         4148    i.Buzzer_Init       buzzer.o
    0x080012e0   0x080012e0   0x00000018   Code   RO         4177    i.CAN1_Getdata      can_receive.o
    0x080012f8   0x080012f8   0x0000003c   Code   RO         4178    i.CAN1_Init         can_receive.o
    0x08001334   0x08001334   0x0000002c   Code   RO          532    i.CAN1_RX0_IRQHandler  stm32f4xx_it.o
    0x08001360   0x08001360   0x0000000c   Code   RO          533    i.CAN1_TX_IRQHandler  stm32f4xx_it.o
    0x0800136c   0x0800136c   0x0000000c   Code   RO          534    i.DMA2_Stream0_IRQHandler  stm32f4xx_it.o
    0x08001378   0x08001378   0x0000000c   Code   RO          535    i.DMA2_Stream2_IRQHandler  stm32f4xx_it.o
    0x08001384   0x08001384   0x00000028   Code   RO         1400    i.DMA_CalcBaseAndBitshift  stm32f4xx_hal_dma.o
    0x080013ac   0x080013ac   0x00000054   Code   RO         1401    i.DMA_CheckFifoParam  stm32f4xx_hal_dma.o
    0x08001400   0x08001400   0x00000028   Code   RO         1402    i.DMA_SetConfig     stm32f4xx_hal_dma.o
    0x08001428   0x08001428   0x00000002   Code   RO          536    i.DebugMon_Handler  stm32f4xx_it.o
    0x0800142a   0x0800142a   0x00000002   PAD
    0x0800142c   0x0800142c   0x000000e0   Code   RO         4045    i.ELEC_INFO_ADC_Read  adcread.o
    0x0800150c   0x0800150c   0x00000038   Code   RO         4046    i.ELEC_INFO_ADC_Read_Init  adcread.o
    0x08001544   0x08001544   0x0000011c   Code   RO         4047    i.ELEC_INFO_INIT    adcread.o
    0x08001660   0x08001660   0x00000004   Code   RO           13    i.Error_Handler     main.o
    0x08001664   0x08001664   0x00000002   Code   RO          840    i.HAL_ADCEx_InjectedConvCpltCallback  stm32f4xx_hal_adc_ex.o
    0x08001666   0x08001666   0x00000002   PAD
    0x08001668   0x08001668   0x0000014c   Code   RO          671    i.HAL_ADC_ConfigChannel  stm32f4xx_hal_adc.o
    0x080017b4   0x080017b4   0x00000002   Code   RO          672    i.HAL_ADC_ConvCpltCallback  stm32f4xx_hal_adc.o
    0x080017b6   0x080017b6   0x00000002   Code   RO          673    i.HAL_ADC_ConvHalfCpltCallback  stm32f4xx_hal_adc.o
    0x080017b8   0x080017b8   0x00000002   Code   RO          675    i.HAL_ADC_ErrorCallback  stm32f4xx_hal_adc.o
    0x080017ba   0x080017ba   0x0000013c   Code   RO          679    i.HAL_ADC_IRQHandler  stm32f4xx_hal_adc.o
    0x080018f6   0x080018f6   0x00000054   Code   RO          680    i.HAL_ADC_Init      stm32f4xx_hal_adc.o
    0x0800194a   0x0800194a   0x00000002   Code   RO          681    i.HAL_ADC_LevelOutOfWindowCallback  stm32f4xx_hal_adc.o
    0x0800194c   0x0800194c   0x00000114   Code   RO          267    i.HAL_ADC_MspInit   adc.o
    0x08001a60   0x08001a60   0x000000ec   Code   RO          686    i.HAL_ADC_Start     stm32f4xx_hal_adc.o
    0x08001b4c   0x08001b4c   0x00000130   Code   RO          687    i.HAL_ADC_Start_DMA  stm32f4xx_hal_adc.o
    0x08001c7c   0x08001c7c   0x00000058   Code   RO          690    i.HAL_ADC_Stop_DMA  stm32f4xx_hal_adc.o
    0x08001cd4   0x08001cd4   0x00000024   Code   RO         2074    i.HAL_CAN_ActivateNotification  stm32f4xx_hal_can.o
    0x08001cf8   0x08001cf8   0x000000c8   Code   RO         2075    i.HAL_CAN_AddTxMessage  stm32f4xx_hal_can.o
    0x08001dc0   0x08001dc0   0x0000010c   Code   RO         2076    i.HAL_CAN_ConfigFilter  stm32f4xx_hal_can.o
    0x08001ecc   0x08001ecc   0x00000002   Code   RO         2079    i.HAL_CAN_ErrorCallback  stm32f4xx_hal_can.o
    0x08001ece   0x08001ece   0x000000e8   Code   RO         2082    i.HAL_CAN_GetRxMessage  stm32f4xx_hal_can.o
    0x08001fb6   0x08001fb6   0x000001fc   Code   RO         2086    i.HAL_CAN_IRQHandler  stm32f4xx_hal_can.o
    0x080021b2   0x080021b2   0x0000011a   Code   RO         2087    i.HAL_CAN_Init      stm32f4xx_hal_can.o
    0x080022cc   0x080022cc   0x0000008c   Code   RO          315    i.HAL_CAN_MspInit   can.o
    0x08002358   0x08002358   0x00000002   Code   RO         2094    i.HAL_CAN_RxFifo0FullCallback  stm32f4xx_hal_can.o
    0x0800235a   0x0800235a   0x00000002   Code   RO         2095    i.HAL_CAN_RxFifo0MsgPendingCallback  stm32f4xx_hal_can.o
    0x0800235c   0x0800235c   0x00000002   Code   RO         2096    i.HAL_CAN_RxFifo1FullCallback  stm32f4xx_hal_can.o
    0x0800235e   0x0800235e   0x00000002   Code   RO         2097    i.HAL_CAN_RxFifo1MsgPendingCallback  stm32f4xx_hal_can.o
    0x08002360   0x08002360   0x00000002   Code   RO         2098    i.HAL_CAN_SleepCallback  stm32f4xx_hal_can.o
    0x08002362   0x08002362   0x00000002   PAD
    0x08002364   0x08002364   0x00000058   Code   RO         2099    i.HAL_CAN_Start     stm32f4xx_hal_can.o
    0x080023bc   0x080023bc   0x00000002   Code   RO         2101    i.HAL_CAN_TxMailbox0AbortCallback  stm32f4xx_hal_can.o
    0x080023be   0x080023be   0x00000002   Code   RO         2102    i.HAL_CAN_TxMailbox0CompleteCallback  stm32f4xx_hal_can.o
    0x080023c0   0x080023c0   0x00000002   Code   RO         2103    i.HAL_CAN_TxMailbox1AbortCallback  stm32f4xx_hal_can.o
    0x080023c2   0x080023c2   0x00000002   Code   RO         2104    i.HAL_CAN_TxMailbox1CompleteCallback  stm32f4xx_hal_can.o
    0x080023c4   0x080023c4   0x00000002   Code   RO         2105    i.HAL_CAN_TxMailbox2AbortCallback  stm32f4xx_hal_can.o
    0x080023c6   0x080023c6   0x00000002   Code   RO         2106    i.HAL_CAN_TxMailbox2CompleteCallback  stm32f4xx_hal_can.o
    0x080023c8   0x080023c8   0x00000002   Code   RO         2108    i.HAL_CAN_WakeUpFromRxMsgCallback  stm32f4xx_hal_can.o
    0x080023ca   0x080023ca   0x0000008e   Code   RO         1403    i.HAL_DMA_Abort     stm32f4xx_hal_dma.o
    0x08002458   0x08002458   0x000001a0   Code   RO         1408    i.HAL_DMA_IRQHandler  stm32f4xx_hal_dma.o
    0x080025f8   0x080025f8   0x000000d4   Code   RO         1409    i.HAL_DMA_Init      stm32f4xx_hal_dma.o
    0x080026cc   0x080026cc   0x0000006e   Code   RO         1413    i.HAL_DMA_Start_IT  stm32f4xx_hal_dma.o
    0x0800273a   0x0800273a   0x00000002   PAD
    0x0800273c   0x0800273c   0x00000024   Code   RO         1822    i.HAL_Delay         stm32f4xx_hal.o
    0x08002760   0x08002760   0x000001b8   Code   RO         1296    i.HAL_GPIO_Init     stm32f4xx_hal_gpio.o
    0x08002918   0x08002918   0x0000000e   Code   RO         1299    i.HAL_GPIO_TogglePin  stm32f4xx_hal_gpio.o
    0x08002926   0x08002926   0x0000000a   Code   RO         1300    i.HAL_GPIO_WritePin  stm32f4xx_hal_gpio.o
    0x08002930   0x08002930   0x0000000c   Code   RO         1828    i.HAL_GetTick       stm32f4xx_hal.o
    0x0800293c   0x0800293c   0x00000188   Code   RO         2318    i.HAL_I2C_Init      stm32f4xx_hal_i2c.o
    0x08002ac4   0x08002ac4   0x0000006c   Code   RO          381    i.HAL_I2C_MspInit   i2c.o
    0x08002b30   0x08002b30   0x00000010   Code   RO         1834    i.HAL_IncTick       stm32f4xx_hal.o
    0x08002b40   0x08002b40   0x00000034   Code   RO         1835    i.HAL_Init          stm32f4xx_hal.o
    0x08002b74   0x08002b74   0x00000040   Code   RO         1836    i.HAL_InitTick      stm32f4xx_hal.o
    0x08002bb4   0x08002bb4   0x00000030   Code   RO          642    i.HAL_MspInit       stm32f4xx_hal_msp.o
    0x08002be4   0x08002be4   0x0000001a   Code   RO         1685    i.HAL_NVIC_EnableIRQ  stm32f4xx_hal_cortex.o
    0x08002bfe   0x08002bfe   0x00000002   PAD
    0x08002c00   0x08002c00   0x00000040   Code   RO         1691    i.HAL_NVIC_SetPriority  stm32f4xx_hal_cortex.o
    0x08002c40   0x08002c40   0x00000024   Code   RO         1692    i.HAL_NVIC_SetPriorityGrouping  stm32f4xx_hal_cortex.o
    0x08002c64   0x08002c64   0x00000134   Code   RO          942    i.HAL_RCC_ClockConfig  stm32f4xx_hal_rcc.o
    0x08002d98   0x08002d98   0x00000020   Code   RO          949    i.HAL_RCC_GetPCLK1Freq  stm32f4xx_hal_rcc.o
    0x08002db8   0x08002db8   0x00000020   Code   RO          950    i.HAL_RCC_GetPCLK2Freq  stm32f4xx_hal_rcc.o
    0x08002dd8   0x08002dd8   0x00000060   Code   RO          951    i.HAL_RCC_GetSysClockFreq  stm32f4xx_hal_rcc.o
    0x08002e38   0x08002e38   0x0000035c   Code   RO          954    i.HAL_RCC_OscConfig  stm32f4xx_hal_rcc.o
    0x08003194   0x08003194   0x00000028   Code   RO         1696    i.HAL_SYSTICK_Config  stm32f4xx_hal_cortex.o
    0x080031bc   0x080031bc   0x00000054   Code   RO         3432    i.HAL_TIMEx_ConfigBreakDeadTime  stm32f4xx_hal_tim_ex.o
    0x08003210   0x08003210   0x00000090   Code   RO         3447    i.HAL_TIMEx_MasterConfigSynchronization  stm32f4xx_hal_tim_ex.o
    0x080032a0   0x080032a0   0x00000036   Code   RO         2754    i.HAL_TIM_Base_Init  stm32f4xx_hal_tim.o
    0x080032d6   0x080032d6   0x00000002   PAD
    0x080032d8   0x080032d8   0x00000034   Code   RO          423    i.HAL_TIM_Base_MspInit  tim.o
    0x0800330c   0x0800330c   0x00000024   Code   RO         2757    i.HAL_TIM_Base_Start  stm32f4xx_hal_tim.o
    0x08003330   0x08003330   0x000000d6   Code   RO         2763    i.HAL_TIM_ConfigClockSource  stm32f4xx_hal_tim.o
    0x08003406   0x08003406   0x00000002   PAD
    0x08003408   0x08003408   0x000000a4   Code   RO          424    i.HAL_TIM_MspPostInit  tim.o
    0x080034ac   0x080034ac   0x000000d0   Code   RO         2821    i.HAL_TIM_PWM_ConfigChannel  stm32f4xx_hal_tim.o
    0x0800357c   0x0800357c   0x00000036   Code   RO         2824    i.HAL_TIM_PWM_Init  stm32f4xx_hal_tim.o
    0x080035b2   0x080035b2   0x00000002   Code   RO         2826    i.HAL_TIM_PWM_MspInit  stm32f4xx_hal_tim.o
    0x080035b4   0x080035b4   0x00000044   Code   RO         2829    i.HAL_TIM_PWM_Start  stm32f4xx_hal_tim.o
    0x080035f8   0x080035f8   0x0000005c   Code   RO         2832    i.HAL_TIM_PWM_Stop  stm32f4xx_hal_tim.o
    0x08003654   0x08003654   0x00000062   Code   RO         3705    i.HAL_UART_Init     stm32f4xx_hal_uart.o
    0x080036b6   0x080036b6   0x00000002   PAD
    0x080036b8   0x080036b8   0x000000e4   Code   RO          477    i.HAL_UART_MspInit  usart.o
    0x0800379c   0x0800379c   0x000000ba   Code   RO         3713    i.HAL_UART_Transmit  stm32f4xx_hal_uart.o
    0x08003856   0x08003856   0x00000002   Code   RO          537    i.HardFault_Handler  stm32f4xx_it.o
    0x08003858   0x08003858   0x00000078   Code   RO          268    i.MX_ADC1_Init      adc.o
    0x080038d0   0x080038d0   0x00000090   Code   RO          269    i.MX_ADC2_Init      adc.o
    0x08003960   0x08003960   0x00000044   Code   RO          316    i.MX_CAN1_Init      can.o
    0x080039a4   0x080039a4   0x0000003c   Code   RO          356    i.MX_DMA_Init       dma.o
    0x080039e0   0x080039e0   0x000000b8   Code   RO          242    i.MX_GPIO_Init      gpio.o
    0x08003a98   0x08003a98   0x00000040   Code   RO          382    i.MX_I2C1_Init      i2c.o
    0x08003ad8   0x08003ad8   0x00000100   Code   RO          425    i.MX_TIM1_Init      tim.o
    0x08003bd8   0x08003bd8   0x000000c8   Code   RO          426    i.MX_TIM2_Init      tim.o
    0x08003ca0   0x08003ca0   0x00000038   Code   RO          478    i.MX_USART1_UART_Init  usart.o
    0x08003cd8   0x08003cd8   0x00000038   Code   RO          479    i.MX_USART2_UART_Init  usart.o
    0x08003d10   0x08003d10   0x00000038   Code   RO          480    i.MX_USART3_UART_Init  usart.o
    0x08003d48   0x08003d48   0x00000002   Code   RO          538    i.MemManage_Handler  stm32f4xx_it.o
    0x08003d4a   0x08003d4a   0x00000002   Code   RO          539    i.NMI_Handler       stm32f4xx_it.o
    0x08003d4c   0x08003d4c   0x00000100   Code   RO         4297    i.PID_Calculate     pid.o
    0x08003e4c   0x08003e4c   0x0000002c   Code   RO         4298    i.PID_Init          pid.o
    0x08003e78   0x08003e78   0x00000002   Code   RO          540    i.PendSV_Handler    stm32f4xx_it.o
    0x08003e7a   0x08003e7a   0x00000002   PAD
    0x08003e7c   0x08003e7c   0x0000003c   Code   RO         4096    i.RGB_LED_BeforeWork_Check  rgbled.o
    0x08003eb8   0x08003eb8   0x00000028   Code   RO         4097    i.RGB_LED_Init      rgbled.o
    0x08003ee0   0x08003ee0   0x00000002   Code   RO          541    i.SVC_Handler       stm32f4xx_it.o
    0x08003ee2   0x08003ee2   0x00000004   Code   RO          542    i.SysTick_Handler   stm32f4xx_it.o
    0x08003ee6   0x08003ee6   0x00000002   PAD
    0x08003ee8   0x08003ee8   0x00000094   Code   RO           14    i.SystemClock_Config  main.o
    0x08003f7c   0x08003f7c   0x0000001c   Code   RO         4007    i.SystemInit        system_stm32f4xx.o
    0x08003f98   0x08003f98   0x000000c8   Code   RO         2842    i.TIM_Base_SetConfig  stm32f4xx_hal_tim.o
    0x08004060   0x08004060   0x0000001a   Code   RO         2843    i.TIM_CCxChannelCmd  stm32f4xx_hal_tim.o
    0x0800407a   0x0800407a   0x00000014   Code   RO         2853    i.TIM_ETR_SetConfig  stm32f4xx_hal_tim.o
    0x0800408e   0x0800408e   0x00000010   Code   RO         2854    i.TIM_ITRx_SetConfig  stm32f4xx_hal_tim.o
    0x0800409e   0x0800409e   0x00000002   PAD
    0x080040a0   0x080040a0   0x00000060   Code   RO         2855    i.TIM_OC1_SetConfig  stm32f4xx_hal_tim.o
    0x08004100   0x08004100   0x0000006c   Code   RO         2856    i.TIM_OC2_SetConfig  stm32f4xx_hal_tim.o
    0x0800416c   0x0800416c   0x00000068   Code   RO         2857    i.TIM_OC3_SetConfig  stm32f4xx_hal_tim.o
    0x080041d4   0x080041d4   0x00000050   Code   RO         2858    i.TIM_OC4_SetConfig  stm32f4xx_hal_tim.o
    0x08004224   0x08004224   0x00000022   Code   RO         2860    i.TIM_TI1_ConfigInputStage  stm32f4xx_hal_tim.o
    0x08004246   0x08004246   0x00000024   Code   RO         2862    i.TIM_TI2_ConfigInputStage  stm32f4xx_hal_tim.o
    0x0800426a   0x0800426a   0x00000002   PAD
    0x0800426c   0x0800426c   0x00000128   Code   RO         3731    i.UART_SetConfig    stm32f4xx_hal_uart.o
    0x08004394   0x08004394   0x00000064   Code   RO         3733    i.UART_WaitOnFlagUntilTimeout  stm32f4xx_hal_uart.o
    0x080043f8   0x080043f8   0x00000002   Code   RO          543    i.UsageFault_Handler  stm32f4xx_it.o
    0x080043fa   0x080043fa   0x00000020   Code   RO         1698    i.__NVIC_SetPriority  stm32f4xx_hal_cortex.o
    0x0800441a   0x0800441a   0x0000000e   Code   RO         4447    i.__scatterload_copy  mc_w.l(handlers.o)
    0x08004428   0x08004428   0x00000002   Code   RO         4448    i.__scatterload_null  mc_w.l(handlers.o)
    0x0800442a   0x0800442a   0x0000000e   Code   RO         4449    i.__scatterload_zeroinit  mc_w.l(handlers.o)
    0x08004438   0x08004438   0x00000024   Code   RO         4329    i.low_filter_calc   filter.o
    0x0800445c   0x0800445c   0x00000064   Code   RO         4330    i.low_filter_init   filter.o
    0x080044c0   0x080044c0   0x00000184   Code   RO           16    i.main              main.o
    0x08004644   0x08004644   0x0000005c   Code   RO           17    i.senddebug         main.o
    0x080046a0   0x080046a0   0x00000048   Code   RO           18    i.sendware          main.o
    0x080046e8   0x080046e8   0x00000038   Code   RO         4181    i.supercap_sendmessage  can_receive.o
    0x08004720   0x08004720   0x00000008   Data   RO         1415    .constdata          stm32f4xx_hal_dma.o
    0x08004728   0x08004728   0x00000010   Data   RO         4008    .constdata          system_stm32f4xx.o
    0x08004738   0x08004738   0x00000008   Data   RO         4009    .constdata          system_stm32f4xx.o
    0x08004740   0x08004740   0x00000020   Data   RO         4445    Region$$Table       anon$$obj.o


    Execution Region RW_IRAM2 (Exec base: 0x10000000, Load base: 0x08004798, Size: 0x00000000, Max: 0x00010000, ABSOLUTE)

    **** No section assigned to this execution region ****


    Execution Region RW_IRAM1 (Exec base: 0x20000000, Load base: 0x08004760, Size: 0x00000b18, Max: 0x00020000, ABSOLUTE)

    Exec Addr    Load Addr    Size         Type   Attr      Idx    E Section Name        Object

    0x20000000   0x08004760   0x00000008   Data   RW          544    .data               stm32f4xx_it.o
    0x20000008   0x08004768   0x0000000c   Data   RW         1842    .data               stm32f4xx_hal.o
    0x20000014   0x08004774   0x00000004   Data   RW         4010    .data               system_stm32f4xx.o
    0x20000018   0x08004778   0x00000008   Data   RW         4049    .data               adcread.o
    0x20000020   0x08004780   0x00000008   Data   RW         4184    .data               can_receive.o
    0x20000028   0x08004788   0x00000010   Data   RW         4243    .data               buckboostcontrol.o
    0x20000038        -       0x00000150   Zero   RW          270    .bss                adc.o
    0x20000188        -       0x00000028   Zero   RW          317    .bss                can.o
    0x200001b0        -       0x00000054   Zero   RW          383    .bss                i2c.o
    0x20000204        -       0x00000080   Zero   RW          427    .bss                tim.o
    0x20000284        -       0x000000c0   Zero   RW          481    .bss                usart.o
    0x20000344   0x08004798   0x00000004   PAD
    0x20000348        -       0x00000188   Zero   RW         4048    .bss                adcread.o
    0x200004d0        -       0x00000024   Zero   RW         4182    .bss                can_receive.o
    0x200004f4        -       0x0000001c   Zero   RW         4183    .bss                can_receive.o
    0x20000510        -       0x00000190   Zero   RW         4242    .bss                buckboostcontrol.o
    0x200006a0        -       0x00000078   Zero   RW         4335    .bss                filter.o
    0x20000718        -       0x00000400   Zero   RW            1    STACK               startup_stm32f407xx.o


==============================================================================

Image component sizes


      Code (inc. data)   RO Data    RW Data    ZI Data      Debug   Object Name

       540         50          0          0        336       2574   adc.o
       792        104          0          8        392       3685   adcread.o
      2028        220          0         16        400       7708   buckboostcontrol.o
        64         10          0          0          0       1016   buzzer.o
       208         22          0          0         40       1633   can.o
       140         20          0          8         64       3220   can_receive.o
        60          4          0          0          0        746   dma.o
       136          8          0          0        120       2348   filter.o
       184         16          0          0          0        999   gpio.o
       172         28          0          0         84       1613   i2c.o
       704         74          0          0          0     730275   main.o
       300         10          0          0          0       1835   pid.o
       100          8          0          0          0       1034   rgbled.o
        36          8        392          0       1024        816   startup_stm32f407xx.o
       180         28          0         12          0       9261   stm32f4xx_hal.o
      1806         90          0          0          0      10232   stm32f4xx_hal_adc.o
         2          0          0          0          0        945   stm32f4xx_hal_adc_ex.o
      1640          6          0          0          0      14451   stm32f4xx_hal_can.o
       198         14          0          0          0      33843   stm32f4xx_hal_cortex.o
      1044         16          8          0          0       6551   stm32f4xx_hal_dma.o
       464         46          0          0          0       2949   stm32f4xx_hal_gpio.o
       392         16          0          0          0       3063   stm32f4xx_hal_i2c.o
        48          6          0          0          0        818   stm32f4xx_hal_msp.o
      1328         72          0          0          0       5120   stm32f4xx_hal_rcc.o
      1448         98          0          0          0      13700   stm32f4xx_hal_tim.o
       228         28          0          0          0       2112   stm32f4xx_hal_tim_ex.o
       680         10          0          0          0       4024   stm32f4xx_hal_uart.o
       128         40          0          8          0       7219   stm32f4xx_it.o
        28          6         24          4          0       1103   system_stm32f4xx.o
       672         46          0          0        128       3277   tim.o
       396         50          0          0        192       3016   usart.o

    ----------------------------------------------------------------------
     16174       1154        456         56       2784     881186   Object Totals
         0          0         32          0          0          0   (incl. Generated)
        28          0          0          0          4          0   (incl. Padding)

    ----------------------------------------------------------------------

      Code (inc. data)   RO Data    RW Data    ZI Data      Debug   Library Member Name

         0          0          0          0          0          0   entry.o
         0          0          0          0          0          0   entry10a.o
         0          0          0          0          0          0   entry11a.o
         8          4          0          0          0          0   entry2.o
         4          0          0          0          0          0   entry5.o
         0          0          0          0          0          0   entry7b.o
         0          0          0          0          0          0   entry8b.o
         8          4          0          0          0          0   entry9a.o
        30          0          0          0          0          0   handlers.o
        36          8          0          0          0         68   init.o
         0          0          0          0          0          0   iusefp.o
        30          0          0          0          0         68   llshl.o
        36          0          0          0          0         68   llsshr.o
        32          0          0          0          0         68   llushr.o
        36          0          0          0          0        108   memseta.o
        98          0          0          0          0         92   uldiv.o
        48          0          0          0          0         68   cdcmple.o
        48          0          0          0          0         68   cdrcmple.o
        56          0          0          0          0         88   d2f.o
       334          0          0          0          0        148   dadd.o
       222          0          0          0          0        100   ddiv.o
       186          0          0          0          0        176   depilogue.o
        50          0          0          0          0         76   dfixui.o
       228          0          0          0          0         96   dmul.o
        38          0          0          0          0         68   f2d.o
       110          0          0          0          0        168   fepilogue.o

    ----------------------------------------------------------------------
      1642         16          0          0          0       1528   Library Totals
         4          0          0          0          0          0   (incl. Padding)

    ----------------------------------------------------------------------

      Code (inc. data)   RO Data    RW Data    ZI Data      Debug   Library Name

       318         16          0          0          0        472   mc_w.l
      1320          0          0          0          0       1056   mf_w.l

    ----------------------------------------------------------------------
      1642         16          0          0          0       1528   Library Totals

    ----------------------------------------------------------------------

==============================================================================


      Code (inc. data)   RO Data    RW Data    ZI Data      Debug   

     17816       1170        456         56       2784     868942   Grand Totals
     17816       1170        456         56       2784     868942   ELF Image Totals
     17816       1170        456         56          0          0   ROM Totals

==============================================================================

    Total RO  Size (Code + RO Data)                18272 (  17.84kB)
    Total RW  Size (RW Data + ZI Data)              2840 (   2.77kB)
    Total ROM Size (Code + RO Data + RW Data)      18328 (  17.90kB)

==============================================================================

