<html>
<body>
<pre>
<h1>µVision Build Log</h1>
<h2>Tool Versions:</h2>
IDE-Version: ¦ÌVision V5.28.0.0
Copyright (C) 2019 ARM Ltd and ARM Germany GmbH. All rights reserved.
License Information:  ,  , LIC=S5IDY-I13ST-UK3B6-DNALN-U1XVQ-NUP0R
 
Tool Versions:
Toolchain:       MDK-ARM Professional  Version: 5.28.0.0
Toolchain Path:  D:\keil\core\ARM\ARMCC\Bin
C Compiler:      Armcc.exe V5.06 update 6 (build 750)
Assembler:       Armasm.exe V5.06 update 6 (build 750)
Linker/Locator:  ArmLink.exe V5.06 update 6 (build 750)
Library Manager: ArmAr.exe V5.06 update 6 (build 750)
Hex Converter:   FromElf.exe V5.06 update 6 (build 750)
CPU DLL:         SARMCM3.DLL V5.28.0.0
Dialog DLL:      DCM.DLL V1.17.3.0
Target DLL:      CMSIS_AGDI.dll V1.31.18.0
Dialog DLL:      TCM.DLL V1.36.2.0
 
<h2>Project:</h2>
E:\cube\supercapv0\MDK-ARM\SuperCapV0.uvprojx
Project File Date:  01/03/2022

<h2>Output:</h2>
*** Using Compiler 'V5.06 update 6 (build 750)', folder: 'D:\keil\core\ARM\ARMCC\Bin'
Build target 'supercapv0'
compiling BuckboostControl.c...
..\APP\BuckboostControl\BuckboostControl.c(74): warning:  #1035-D: single-precision operand implicitly converted to double-precision
          CompareValue = 0.96 * ratio * 1000;
..\APP\BuckboostControl\BuckboostControl.c(76): warning:  #1035-D: single-precision operand implicitly converted to double-precision
          buck_duty = 0.96 * ratio;
..\APP\BuckboostControl\BuckboostControl.c(292): warning:  #186-D: pointless comparison of unsigned integer with zero
      if(buckboost_control.max_power_lim < 0)
..\APP\BuckboostControl\BuckboostControl.c: 3 warnings, 0 errors
linking...
Program Size: Code=17816 RO-data=456 RW-data=56 ZI-data=2784  
FromELF: creating hex file...
"SuperCapV0\SuperCapV0.axf" - 0 Error(s), 3 Warning(s).

<h2>Software Packages used:</h2>

Package Vendor: ARM
                http://www.keil.com/pack/ARM.CMSIS.5.5.1.pack
                ARM.CMSIS.5.5.1
                CMSIS (Cortex Microcontroller Software Interface Standard)
   * Component: CORE Version: 5.2.0

Package Vendor: Keil
                http://www.keil.com/pack/Keil.STM32F4xx_DFP.2.14.0.pack
                Keil.STM32F4xx_DFP.2.14.0
                STMicroelectronics STM32F4 Series Device Support, Drivers and Examples

<h2>Collection of Component include folders:</h2>
  .\RTE\_supercapv0
  D:\keil\pack\ARM\CMSIS\5.5.1\CMSIS\Core\Include
  D:\keil\pack\Keil\STM32F4xx_DFP\2.14.0\Drivers\CMSIS\Device\ST\STM32F4xx\Include

<h2>Collection of Component Files used:</h2>

   * Component: ARM::CMSIS:CORE:5.2.0
Build Time Elapsed:  00:00:05
</pre>
</body>
</html>
